Archive member included to satisfy reference by file (symbol)

c:/siliconlabs/simplicitystudio/v4/developer/toolchains/gnu_arm/7.2_2017q4/bin/../lib/gcc/arm-none-eabi/7.2.1/thumb/v7-m\libgcc.a(_aeabi_uldivmod.o)
                              ./emlib/em_usart.o (__aeabi_uldivmod)
c:/siliconlabs/simplicitystudio/v4/developer/toolchains/gnu_arm/7.2_2017q4/bin/../lib/gcc/arm-none-eabi/7.2.1/thumb/v7-m\libgcc.a(_udivmoddi4.o)
                              c:/siliconlabs/simplicitystudio/v4/developer/toolchains/gnu_arm/7.2_2017q4/bin/../lib/gcc/arm-none-eabi/7.2.1/thumb/v7-m\libgcc.a(_aeabi_uldivmod.o) (__udivmoddi4)
c:/siliconlabs/simplicitystudio/v4/developer/toolchains/gnu_arm/7.2_2017q4/bin/../lib/gcc/arm-none-eabi/7.2.1/thumb/v7-m\libgcc.a(_dvmd_tls.o)
                              c:/siliconlabs/simplicitystudio/v4/developer/toolchains/gnu_arm/7.2_2017q4/bin/../lib/gcc/arm-none-eabi/7.2.1/thumb/v7-m\libgcc.a(_aeabi_uldivmod.o) (__aeabi_ldiv0)
c:/siliconlabs/simplicitystudio/v4/developer/toolchains/gnu_arm/7.2_2017q4/bin/../lib/gcc/arm-none-eabi/7.2.1/../../../../arm-none-eabi/lib/thumb/v7-m\libc_nano.a(lib_a-exit.o)
                              c:/siliconlabs/simplicitystudio/v4/developer/toolchains/gnu_arm/7.2_2017q4/bin/../lib/gcc/arm-none-eabi/7.2.1/../../../../arm-none-eabi/lib/thumb/v7-m/crt0.o (exit)
c:/siliconlabs/simplicitystudio/v4/developer/toolchains/gnu_arm/7.2_2017q4/bin/../lib/gcc/arm-none-eabi/7.2.1/../../../../arm-none-eabi/lib/thumb/v7-m\libc_nano.a(lib_a-impure.o)
                              c:/siliconlabs/simplicitystudio/v4/developer/toolchains/gnu_arm/7.2_2017q4/bin/../lib/gcc/arm-none-eabi/7.2.1/../../../../arm-none-eabi/lib/thumb/v7-m\libc_nano.a(lib_a-exit.o) (_global_impure_ptr)
c:/siliconlabs/simplicitystudio/v4/developer/toolchains/gnu_arm/7.2_2017q4/bin/../lib/gcc/arm-none-eabi/7.2.1/../../../../arm-none-eabi/lib/thumb/v7-m\libc_nano.a(lib_a-init.o)
                              c:/siliconlabs/simplicitystudio/v4/developer/toolchains/gnu_arm/7.2_2017q4/bin/../lib/gcc/arm-none-eabi/7.2.1/../../../../arm-none-eabi/lib/thumb/v7-m/crt0.o (__libc_init_array)
c:/siliconlabs/simplicitystudio/v4/developer/toolchains/gnu_arm/7.2_2017q4/bin/../lib/gcc/arm-none-eabi/7.2.1/../../../../arm-none-eabi/lib/thumb/v7-m\libc_nano.a(lib_a-memcpy-stub.o)
                              ./FreeRTOS/efm32gg/queue.o (memcpy)
c:/siliconlabs/simplicitystudio/v4/developer/toolchains/gnu_arm/7.2_2017q4/bin/../lib/gcc/arm-none-eabi/7.2.1/../../../../arm-none-eabi/lib/thumb/v7-m\libc_nano.a(lib_a-memset.o)
                              c:/siliconlabs/simplicitystudio/v4/developer/toolchains/gnu_arm/7.2_2017q4/bin/../lib/gcc/arm-none-eabi/7.2.1/../../../../arm-none-eabi/lib/thumb/v7-m/crt0.o (memset)
c:/siliconlabs/simplicitystudio/v4/developer/toolchains/gnu_arm/7.2_2017q4/bin/../lib/gcc/arm-none-eabi/7.2.1/../../../../arm-none-eabi/lib/thumb/v7-m\libc_nano.a(lib_a-printf.o)
                              ./src/main.o (printf)
c:/siliconlabs/simplicitystudio/v4/developer/toolchains/gnu_arm/7.2_2017q4/bin/../lib/gcc/arm-none-eabi/7.2.1/../../../../arm-none-eabi/lib/thumb/v7-m\libc_nano.a(lib_a-findfp.o)
                              c:/siliconlabs/simplicitystudio/v4/developer/toolchains/gnu_arm/7.2_2017q4/bin/../lib/gcc/arm-none-eabi/7.2.1/../../../../arm-none-eabi/lib/thumb/v7-m\libc_nano.a(lib_a-printf.o) (__sinit)
c:/siliconlabs/simplicitystudio/v4/developer/toolchains/gnu_arm/7.2_2017q4/bin/../lib/gcc/arm-none-eabi/7.2.1/../../../../arm-none-eabi/lib/thumb/v7-m\libc_nano.a(lib_a-fwalk.o)
                              c:/siliconlabs/simplicitystudio/v4/developer/toolchains/gnu_arm/7.2_2017q4/bin/../lib/gcc/arm-none-eabi/7.2.1/../../../../arm-none-eabi/lib/thumb/v7-m\libc_nano.a(lib_a-findfp.o) (_fwalk)
c:/siliconlabs/simplicitystudio/v4/developer/toolchains/gnu_arm/7.2_2017q4/bin/../lib/gcc/arm-none-eabi/7.2.1/../../../../arm-none-eabi/lib/thumb/v7-m\libc_nano.a(lib_a-nano-mallocr.o)
                              c:/siliconlabs/simplicitystudio/v4/developer/toolchains/gnu_arm/7.2_2017q4/bin/../lib/gcc/arm-none-eabi/7.2.1/../../../../arm-none-eabi/lib/thumb/v7-m\libc_nano.a(lib_a-findfp.o) (_malloc_r)
c:/siliconlabs/simplicitystudio/v4/developer/toolchains/gnu_arm/7.2_2017q4/bin/../lib/gcc/arm-none-eabi/7.2.1/../../../../arm-none-eabi/lib/thumb/v7-m\libc_nano.a(lib_a-nano-vfprintf.o)
                              c:/siliconlabs/simplicitystudio/v4/developer/toolchains/gnu_arm/7.2_2017q4/bin/../lib/gcc/arm-none-eabi/7.2.1/../../../../arm-none-eabi/lib/thumb/v7-m\libc_nano.a(lib_a-printf.o) (_vfprintf_r)
c:/siliconlabs/simplicitystudio/v4/developer/toolchains/gnu_arm/7.2_2017q4/bin/../lib/gcc/arm-none-eabi/7.2.1/../../../../arm-none-eabi/lib/thumb/v7-m\libc_nano.a(lib_a-nano-vfprintf_i.o)
[...]
Memory Configuration

Name             Origin             Length             Attributes
FLASH            0x00000000         0x00100000         xr
RAM              0x20000000         0x00020000         xrw
*default*        0x00000000         0xffffffff

Linker script and memory map

LOAD c:/siliconlabs/simplicitystudio/v4/developer/toolchains/gnu_arm/7.2_2017q4/bin/../lib/gcc/arm-none-eabi/7.2.1/thumb/v7-m/crti.o
LOAD c:/siliconlabs/simplicitystudio/v4/developer/toolchains/gnu_arm/7.2_2017q4/bin/../lib/gcc/arm-none-eabi/7.2.1/thumb/v7-m/crtbegin.o
LOAD c:/siliconlabs/simplicitystudio/v4/developer/toolchains/gnu_arm/7.2_2017q4/bin/../lib/gcc/arm-none-eabi/7.2.1/../../../../arm-none-eabi/lib/thumb/v7-m/crt0.o
LOAD ./BSP/bsp_stk_leds.o
LOAD ./BSP/bsp_trace.o
LOAD ./CMSIS/EFM32GG/startup_gcc_efm32gg.o
LOAD ./CMSIS/EFM32GG/system_efm32gg.o
LOAD ./Drivers/sleep.o
LOAD ./FreeRTOS/efm32gg/croutine.o
LOAD ./FreeRTOS/efm32gg/event_groups.o
LOAD ./FreeRTOS/efm32gg/heap_1.o
LOAD ./FreeRTOS/efm32gg/list.o
LOAD ./FreeRTOS/efm32gg/port_gcc.o
LOAD ./FreeRTOS/efm32gg/queue.o
LOAD ./FreeRTOS/efm32gg/tasks.o
LOAD ./FreeRTOS/efm32gg/timers.o
LOAD ./emlib/em_adc.o
LOAD ./emlib/em_assert.o
LOAD ./emlib/em_burtc.o
LOAD ./emlib/em_cmu.o
LOAD ./emlib/em_core.o
LOAD ./emlib/em_dac.o
LOAD ./emlib/em_emu.o
LOAD ./emlib/em_gpio.o
LOAD ./emlib/em_i2c.o
LOAD ./emlib/em_leuart.o
LOAD ./emlib/em_rmu.o
LOAD ./emlib/em_rtc.o
LOAD ./emlib/em_system.o
LOAD ./emlib/em_usart.o
LOAD ./emlib/em_wdog.o
LOAD ./src/low_power_tick_management.o
LOAD ./src/main.o
LOAD ./src/my_file_I2C.o
START GROUP
LOAD c:/siliconlabs/simplicitystudio/v4/developer/toolchains/gnu_arm/7.2_2017q4/bin/../lib/gcc/arm-none-eabi/7.2.1/thumb/v7-m\libgcc.a
LOAD c:/siliconlabs/simplicitystudio/v4/developer/toolchains/gnu_arm/7.2_2017q4/bin/../lib/gcc/arm-none-eabi/7.2.1/../../../../arm-none-eabi/lib/thumb/v7-m\libc_nano.a
LOAD c:/siliconlabs/simplicitystudio/v4/developer/toolchains/gnu_arm/7.2_2017q4/bin/../lib/gcc/arm-none-eabi/7.2.1/../../../../arm-none-eabi/lib/thumb/v7-m\libnosys.a
END GROUP
START GROUP
LOAD c:/siliconlabs/simplicitystudio/v4/developer/toolchains/gnu_arm/7.2_2017q4/bin/../lib/gcc/arm-none-eabi/7.2.1/thumb/v7-m\libgcc.a
LOAD c:/siliconlabs/simplicitystudio/v4/developer/toolchains/gnu_arm/7.2_2017q4/bin/../lib/gcc/arm-none-eabi/7.2.1/../../../../arm-none-eabi/lib/thumb/v7-m\libg_nano.a
LOAD c:/siliconlabs/simplicitystudio/v4/developer/toolchains/gnu_arm/7.2_2017q4/bin/../lib/gcc/arm-none-eabi/7.2.1/../../../../arm-none-eabi/lib/thumb/v7-m\libc_nano.a
END GROUP
START GROUP
LOAD c:/siliconlabs/simplicitystudio/v4/developer/toolchains/gnu_arm/7.2_2017q4/bin/../lib/gcc/arm-none-eabi/7.2.1/thumb/v7-m\libgcc.a
LOAD c:/siliconlabs/simplicitystudio/v4/developer/toolchains/gnu_arm/7.2_2017q4/bin/../lib/gcc/arm-none-eabi/7.2.1/../../../../arm-none-eabi/lib/thumb/v7-m\libc_nano.a
END GROUP
LOAD c:/siliconlabs/simplicitystudio/v4/developer/toolchains/gnu_arm/7.2_2017q4/bin/../lib/gcc/arm-none-eabi/7.2.1/thumb/v7-m/crtend.o
LOAD c:/siliconlabs/simplicitystudio/v4/developer/toolchains/gnu_arm/7.2_2017q4/bin/../lib/gcc/arm-none-eabi/7.2.1/thumb/v7-m/crtn.o

.text           0x00000000     0x4bd4
 *(.vectors)
 .vectors       0x00000000       0xdc ./CMSIS/EFM32GG/startup_gcc_efm32gg.o
                0x00000000                __Vectors
                0x000000dc                __Vectors_End = .
                0x000000dc                __Vectors_Size = (__Vectors_End - __Vectors)
                0x000000dc                __end__ = .
 *(.text*)
 .text          0x000000dc       0x40 c:/siliconlabs/simplicitystudio/v4/developer/toolchains/gnu_arm/7.2_2017q4/bin/../lib/gcc/arm-none-eabi/7.2.1/thumb/v7-m/crtbegin.o
 .text          0x0000011c       0x74 c:/siliconlabs/simplicitystudio/v4/developer/toolchains/gnu_arm/7.2_2017q4/bin/../lib/gcc/arm-none-eabi/7.2.1/../../../../arm-none-eabi/lib/thumb/v7-m/crt0.o
                0x0000011c                _start
                0x0000011c                _mainCRTStartup
 .text.GPIO_PinOutSet
                0x00000190       0x98 ./BSP/bsp_stk_leds.o
 .text.GPIO_PinOutToggle
                0x00000228       0x98 ./BSP/bsp_stk_leds.o
 .text.BSP_LedsInit
                0x000002c0       0x58 ./BSP/bsp_stk_leds.o
                0x000002c0                BSP_LedsInit
 .text.BSP_LedSet
                0x00000318       0x40 ./BSP/bsp_stk_leds.o
                0x00000318                BSP_LedSet
 .text.BSP_LedToggle
                0x00000358       0x40 ./BSP/bsp_stk_leds.o
                0x00000358                BSP_LedToggle
 .text.BSP_TraceProfilerSetup
                0x00000398      0x118 ./BSP/bsp_trace.o
                0x00000398                BSP_TraceProfilerSetup
 .text.BSP_TraceSwoSetup
                0x000004b0        0xc ./BSP/bsp_trace.o
                0x000004b0                BSP_TraceSwoSetup
 .text          0x000004bc       0x30 ./CMSIS/EFM32GG/startup_gcc_efm32gg.o
                0x000004bc                Reset_Handler
                0x000004e8                DebugMon_Handler
                0x000004e8                USART0_TX_IRQHandler
                0x000004e8                I2C0_IRQHandler
                0x000004e8                HardFault_Handler
                0x000004e8                LEUART1_IRQHandler
                0x000004e8                USART1_RX_IRQHandler
                0x000004e8                NMI_Handler
                0x000004e8                I2C1_IRQHandler
                0x000004e8                TIMER3_IRQHandler
                0x000004e8                USART1_TX_IRQHandler
                0x000004e8                MSC_IRQHandler
                0x000004e8                ADC0_IRQHandler
                0x000004e8                UsageFault_Handler
                0x000004e8                LEUART0_IRQHandler
                0x000004e8                GPIO_EVEN_IRQHandler
                0x000004e8                UART0_TX_IRQHandler
                0x000004e8                UART1_TX_IRQHandler
                0x000004e8                RTC_IRQHandler
                0x000004e8                TIMER0_IRQHandler
                0x000004e8                TIMER2_IRQHandler
                0x000004e8                LCD_IRQHandler
                0x000004e8                PCNT2_IRQHandler
                0x000004e8                UART0_RX_IRQHandler
                0x000004e8                LETIMER0_IRQHandler
                0x000004e8                TIMER1_IRQHandler
                0x000004e8                USART2_RX_IRQHandler
                0x000004e8                Default_Handler
                0x000004e8                EMU_IRQHandler
                0x000004e8                PCNT0_IRQHandler
                0x000004e8                sl_app_properties
                0x000004e8                USB_IRQHandler
                0x000004e8                PCNT1_IRQHandler
                0x000004e8                ACMP0_IRQHandler
                0x000004e8                USART0_RX_IRQHandler
                0x000004e8                MemManage_Handler
                0x000004e8                DAC0_IRQHandler
                0x000004e8                UART1_RX_IRQHandler
                0x000004e8                CMU_IRQHandler
                0x000004e8                EBI_IRQHandler
                0x000004e8                LESENSE_IRQHandler
                0x000004e8                GPIO_ODD_IRQHandler
                0x000004e8                AES_IRQHandler
                0x000004e8                VCMP_IRQHandler
                0x000004e8                DMA_IRQHandler
                0x000004e8                BusFault_Handler
                0x000004e8                USART2_TX_IRQHandler
 .text.GetProdRev
                0x000004ec       0x18 ./CMSIS/EFM32GG/system_efm32gg.o
 .text.SystemCoreClockGet
                0x00000504       0x34 ./CMSIS/EFM32GG/system_efm32gg.o
                0x00000504                SystemCoreClockGet
 .text.SystemHFClockGet
                0x00000538      0x100 ./CMSIS/EFM32GG/system_efm32gg.o
                0x00000538                SystemHFClockGet
 .text.SystemInit
                0x00000638       0x1c ./CMSIS/EFM32GG/system_efm32gg.o
                0x00000638                SystemInit
 .text.SystemLFRCOClockGet
                0x00000654       0x10 ./CMSIS/EFM32GG/system_efm32gg.o
                0x00000654                SystemLFRCOClockGet
 .text.SystemULFRCOClockGet
                0x00000664       0x10 ./CMSIS/EFM32GG/system_efm32gg.o
                0x00000664                SystemULFRCOClockGet
 .text.SystemLFXOClockGet
                0x00000674       0x14 ./CMSIS/EFM32GG/system_efm32gg.o
                0x00000674                SystemLFXOClockGet
 .text.sleepCallbackWrapper
                0x00000688       0x2c ./Drivers/sleep.o
 .text.SLEEP_Init
                0x000006b4       0x64 ./Drivers/sleep.o
                0x000006b4                SLEEP_Init
 .text.pvPortMalloc
                0x00000718       0x8c ./FreeRTOS/efm32gg/heap_1.o
                0x00000718                pvPortMalloc
 .text.vPortFree
                0x000007a4       0x24 ./FreeRTOS/efm32gg/heap_1.o
                0x000007a4                vPortFree
 .text.vListInitialise
                0x000007c8       0x3e ./FreeRTOS/efm32gg/list.o
                0x000007c8                vListInitialise
 .text.vListInitialiseItem
                0x00000806       0x18 ./FreeRTOS/efm32gg/list.o
                0x00000806                vListInitialiseItem
 .text.vListInsertEnd
                0x0000081e       0x46 ./FreeRTOS/efm32gg/list.o
                0x0000081e                vListInsertEnd
 .text.vListInsert
                0x00000864       0x70 ./FreeRTOS/efm32gg/list.o
                0x00000864                vListInsert
 .text.uxListRemove
                0x000008d4       0x52 ./FreeRTOS/efm32gg/list.o
                0x000008d4                uxListRemove
 *fill*         0x00000926        0x2 
 .text.pxPortInitialiseStack
                0x00000928       0x58 ./FreeRTOS/efm32gg/port_gcc.o
                0x00000928                pxPortInitialiseStack
 .text.prvTaskExitError
                0x00000980       0x34 ./FreeRTOS/efm32gg/port_gcc.o
 *fill*         0x000009b4        0xc 
 .text.SVC_Handler
                0x000009c0       0x28 ./FreeRTOS/efm32gg/port_gcc.o
                0x000009c0                SVC_Handler
 .text.vPortEnterCritical
                0x000009e8       0x54 ./FreeRTOS/efm32gg/port_gcc.o
                0x000009e8                vPortEnterCritical
 .text.vPortExitCritical
                0x00000a3c       0x44 ./FreeRTOS/efm32gg/port_gcc.o
                0x00000a3c                vPortExitCritical
 .text.PendSV_Handler
                0x00000a80       0x48 ./FreeRTOS/efm32gg/port_gcc.o
                0x00000a80                PendSV_Handler
 .text.SysTick_Handler
                0x00000ac8       0x40 ./FreeRTOS/efm32gg/port_gcc.o
                0x00000ac8                SysTick_Handler
 .text.xQueueGenericReset
                0x00000b08       0xc8 ./FreeRTOS/efm32gg/queue.o
                0x00000b08                xQueueGenericReset
 .text.xQueueGenericCreate
                0x00000bd0       0x6c ./FreeRTOS/efm32gg/queue.o
                0x00000bd0                xQueueGenericCreate
 .text.prvInitialiseNewQueue
                0x00000c3c       0x3e ./FreeRTOS/efm32gg/queue.o
 *fill*         0x00000c7a        0x2 
 .text.xQueueGenericSend
                0x00000c7c      0x1b4 ./FreeRTOS/efm32gg/queue.o
                0x00000c7c                xQueueGenericSend
 .text.xQueueGenericReceive
                0x00000e30      0x1f8 ./FreeRTOS/efm32gg/queue.o
                0x00000e30                xQueueGenericReceive
 .text.prvCopyDataToQueue
                0x00001028       0xd4 ./FreeRTOS/efm32gg/queue.o
 .text.prvCopyDataFromQueue
                0x000010fc       0x4c ./FreeRTOS/efm32gg/queue.o
 .text.prvUnlockQueue
                0x00001148       0xa4 ./FreeRTOS/efm32gg/queue.o
 .text.prvIsQueueEmpty
                0x000011ec       0x2c ./FreeRTOS/efm32gg/queue.o
 .text.prvIsQueueFull
                0x00001218       0x30 ./FreeRTOS/efm32gg/queue.o
 .text.xTaskCreate
                0x00001248       0x82 ./FreeRTOS/efm32gg/tasks.o
                0x00001248                xTaskCreate
 *fill*         0x000012ca        0x2 
 .text.prvInitialiseNewTask
                0x000012cc       0xf8 ./FreeRTOS/efm32gg/tasks.o
 .text.prvAddNewTaskToReadyList
                0x000013c4       0xd4 ./FreeRTOS/efm32gg/tasks.o
 .text.vTaskDelay
                0x00001498       0x60 ./FreeRTOS/efm32gg/tasks.o
                0x00001498                vTaskDelay
 .text.vTaskSuspendAll
                0x000014f8       0x1c ./FreeRTOS/efm32gg/tasks.o
                0x000014f8                vTaskSuspendAll
 .text.xTaskResumeAll
                0x00001514      0x130 ./FreeRTOS/efm32gg/tasks.o
                0x00001514                xTaskResumeAll
 .text.xTaskIncrementTick
                0x00001644      0x174 ./FreeRTOS/efm32gg/tasks.o
                0x00001644                xTaskIncrementTick
 .text.vTaskSwitchContext
                0x000017b8       0xac ./FreeRTOS/efm32gg/tasks.o
                0x000017b8                vTaskSwitchContext
 .text.vTaskPlaceOnEventList
                0x00001864       0x40 ./FreeRTOS/efm32gg/tasks.o
                0x00001864                vTaskPlaceOnEventList
 .text.xTaskRemoveFromEventList
                0x000018a4       0xbc ./FreeRTOS/efm32gg/tasks.o
                0x000018a4                xTaskRemoveFromEventList
 .text.vTaskSetTimeOutState
                0x00001960       0x3c ./FreeRTOS/efm32gg/tasks.o
                0x00001960                vTaskSetTimeOutState
 .text.xTaskCheckForTimeOut
                0x0000199c       0xac ./FreeRTOS/efm32gg/tasks.o
                0x0000199c                xTaskCheckForTimeOut
 .text.vTaskMissedYield
                0x00001a48       0x18 ./FreeRTOS/efm32gg/tasks.o
                0x00001a48                vTaskMissedYield
 .text.prvInitialiseTaskLists
                0x00001a60       0x80 ./FreeRTOS/efm32gg/tasks.o
 .text.prvResetNextTaskUnblockTime
                0x00001ae0       0x48 ./FreeRTOS/efm32gg/tasks.o
 .text.xTaskGetSchedulerState
                0x00001b28       0x3c ./FreeRTOS/efm32gg/tasks.o
                0x00001b28                xTaskGetSchedulerState
 .text.vTaskPriorityInherit
                0x00001b64       0xec ./FreeRTOS/efm32gg/tasks.o
                0x00001b64                vTaskPriorityInherit
 .text.xTaskPriorityDisinherit
                0x00001c50       0xf8 ./FreeRTOS/efm32gg/tasks.o
                0x00001c50                xTaskPriorityDisinherit
 .text.pvTaskIncrementMutexHeldCount
                0x00001d48       0x28 ./FreeRTOS/efm32gg/tasks.o
                0x00001d48                pvTaskIncrementMutexHeldCount
 .text.prvAddCurrentTaskToDelayedList
                0x00001d70       0xcc ./FreeRTOS/efm32gg/tasks.o
 .text.assertEFM
                0x00001e3c        0xc ./emlib/em_assert.o
                0x00001e3c                assertEFM
 .text.BUS_RegBitWrite
                0x00001e48       0x2c ./emlib/em_burtc.o
 .text.regSync  0x00001e74       0x4c ./emlib/em_burtc.o
 .text.BURTC_Enable
                0x00001ec0       0x50 ./emlib/em_burtc.o
                0x00001ec0                BURTC_Enable
 .text.BURTC_CompareSet
                0x00001f10       0x38 ./emlib/em_burtc.o
                0x00001f10                BURTC_CompareSet
 .text.BURTC_CompareGet
                0x00001f48       0x2c ./emlib/em_burtc.o
                0x00001f48                BURTC_CompareGet
 .text.BUS_RegBitWrite
                0x00001f74       0x2c ./emlib/em_cmu.o
 .text.BUS_RegBitRead
                0x00001fa0       0x28 ./emlib/em_cmu.o
 .text.CMU_DivToLog2
                0x00001fc8       0x3c ./emlib/em_cmu.o
 .text.SYSTEM_GetProdRev
                0x00002004       0x18 ./emlib/em_cmu.o
 .text.SYSTEM_GetFamily
                0x0000201c       0x18 ./emlib/em_cmu.o
 .text.maxFreqHfle
                0x00002034       0x88 ./emlib/em_cmu.o
 .text.setHfLeConfig
                0x000020bc       0x64 ./emlib/em_cmu.o
 .text.getHfLeConfig
                0x00002120       0x20 ./emlib/em_cmu.o
 .text.auxClkGet
                0x00002140       0xc0 ./emlib/em_cmu.o
 .text.dbgClkGet
                0x00002200       0x4c ./emlib/em_cmu.o
 .text.lfClkGet
                0x0000224c      0x10c ./emlib/em_cmu.o
 .text.syncReg  0x00002358       0x34 ./emlib/em_cmu.o
 .text.usbCClkGet
                0x0000238c       0x4c ./emlib/em_cmu.o
 .text.CMU_ClockEnable
                0x000023d8       0xdc ./emlib/em_cmu.o
                0x000023d8                CMU_ClockEnable
 .text.CMU_ClockFreqGet
                0x000024b4      0x1e4 ./emlib/em_cmu.o
                0x000024b4                CMU_ClockFreqGet
 .text.CMU_ClockSelectGet
                0x00002698      0x168 ./emlib/em_cmu.o
                0x00002698                CMU_ClockSelectGet
 .text.GPIO_PinOutClear
                0x00002800       0x98 ./emlib/em_gpio.o
 .text.GPIO_PinOutSet
                0x00002898       0x98 ./emlib/em_gpio.o
 .text.GPIO_PinModeSet
                0x00002930      0x15c ./emlib/em_gpio.o
                0x00002930                GPIO_PinModeSet
 .text.I2C_IntClear
                0x00002a8c       0x1a ./emlib/em_i2c.o
 .text.BUS_RegBitWrite
                0x00002aa6       0x2c ./emlib/em_i2c.o
 .text.BUS_RegMaskedWrite
                0x00002ad2       0x28 ./emlib/em_i2c.o
 .text.flushRx  0x00002afa       0x24 ./emlib/em_i2c.o
 *fill*         0x00002b1e        0x2 
 .text.I2C_BusFreqSet
                0x00002b20      0x19c ./emlib/em_i2c.o
                0x00002b20                I2C_BusFreqSet
 .text.I2C_Enable
                0x00002cbc       0x48 ./emlib/em_i2c.o
                0x00002cbc                I2C_Enable
 .text.I2C_Init
                0x00002d04       0x7c ./emlib/em_i2c.o
                0x00002d04                I2C_Init
 .text.I2C_Transfer
                0x00002d80      0x478 ./emlib/em_i2c.o
                0x00002d80                I2C_Transfer
 .text.I2C_TransferInit
                0x000031f8       0xfc ./emlib/em_i2c.o
                0x000031f8                I2C_TransferInit
 .text.BUS_RegBitWrite
                0x000032f4       0x2c ./emlib/em_rmu.o
 .text.EMU_Lock
                0x00003320       0x18 ./emlib/em_rmu.o
 .text.EMU_Unlock
                0x00003338       0x18 ./emlib/em_rmu.o
 .text.RMU_ResetCauseClear
                0x00003350       0x54 ./emlib/em_rmu.o
                0x00003350                RMU_ResetCauseClear
 .text.RMU_ResetCauseGet
                0x000033a4       0x6c ./emlib/em_rmu.o
                0x000033a4                RMU_ResetCauseGet
 .text.SYSTEM_ChipRevisionGet
                0x00003410       0x88 ./emlib/em_system.o
                0x00003410                SYSTEM_ChipRevisionGet
 .text.BURTC_IntClear
                0x00003498       0x1c ./src/low_power_tick_management.o
 .text.BURTC_IRQHandler
                0x000034b4       0x7c ./src/low_power_tick_management.o
                0x000034b4                BURTC_IRQHandler
 .text.ITM_SendChar
                0x00003530       0x4c ./src/main.o
 .text.SYSTEM_GetProdRev
                0x0000357c       0x18 ./src/main.o
 .text.CHIP_Init
                0x00003594       0x48 ./src/main.o
 .text.LedBlink
                0x000035dc       0x24 ./src/main.o
 .text.comprovacio
                0x00003600       0x30 ./src/main.o
 .text.main     0x00003630       0xa4 ./src/main.o
                0x00003630                main
 .text._write   0x000036d4       0x38 ./src/main.o
                0x000036d4                _write
 .text.BSP_I2C_Init
                0x0000370c       0xb4 ./src/my_file_I2C.o
                0x0000370c                BSP_I2C_Init
 .text.I2C_ReadRegister
                0x000037c0       0xc0 ./src/my_file_I2C.o
                0x000037c0                I2C_ReadRegister
 .text.I2C_Test_1
                0x00003880       0x40 ./src/my_file_I2C.o
                0x00003880                I2C_Test_1
 .text.exit     0x000038c0       0x28 c:/siliconlabs/simplicitystudio/v4/developer/toolchains/gnu_arm/7.2_2017q4/bin/../lib/gcc/arm-none-eabi/7.2.1/../../../../arm-none-eabi/lib/thumb/v7-m\libc_nano.a(lib_a-exit.o)
                0x000038c0                exit
 .text.__libc_init_array
                0x000038e8       0x48 c:/siliconlabs/simplicitystudio/v4/developer/toolchains/gnu_arm/7.2_2017q4/bin/../lib/gcc/arm-none-eabi/7.2.1/../../../../arm-none-eabi/lib/thumb/v7-m\libc_nano.a(lib_a-init.o)
                0x000038e8                __libc_init_array
 .text.memcpy   0x00003930       0x16 c:/siliconlabs/simplicitystudio/v4/developer/toolchains/gnu_arm/7.2_2017q4/bin/../lib/gcc/arm-none-eabi/7.2.1/../../../../arm-none-eabi/lib/thumb/v7-m\libc_nano.a(lib_a-memcpy-stub.o)
                0x00003930                memcpy
 .text.memset   0x00003946       0x10 c:/siliconlabs/simplicitystudio/v4/developer/toolchains/gnu_arm/7.2_2017q4/bin/../lib/gcc/arm-none-eabi/7.2.1/../../../../arm-none-eabi/lib/thumb/v7-m\libc_nano.a(lib_a-memset.o)
                0x00003946                memset
 *fill*         0x00003956        0x2 
 .text.printf   0x00003958       0x30 c:/siliconlabs/simplicitystudio/v4/developer/toolchains/gnu_arm/7.2_2017q4/bin/../lib/gcc/arm-none-eabi/7.2.1/../../../../arm-none-eabi/lib/thumb/v7-m\libc_nano.a(lib_a-printf.o)
                0x00003958                iprintf
                0x00003958                printf
 .text.std      0x00003988       0x48 c:/siliconlabs/simplicitystudio/v4/developer/toolchains/gnu_arm/7.2_2017q4/bin/../lib/gcc/arm-none-eabi/7.2.1/../../../../arm-none-eabi/lib/thumb/v7-m\libc_nano.a(lib_a-findfp.o)
 .text._cleanup_r
                0x000039d0        0xc c:/siliconlabs/simplicitystudio/v4/developer/toolchains/gnu_arm/7.2_2017q4/bin/../lib/gcc/arm-none-eabi/7.2.1/../../../../arm-none-eabi/lib/thumb/v7-m\libc_nano.a(lib_a-findfp.o)
                0x000039d0                _cleanup_r
 .text.__sfmoreglue
                0x000039dc       0x2c c:/siliconlabs/simplicitystudio/v4/developer/toolchains/gnu_arm/7.2_2017q4/bin/../lib/gcc/arm-none-eabi/7.2.1/../../../../arm-none-eabi/lib/thumb/v7-m\libc_nano.a(lib_a-findfp.o)
                0x000039dc                __sfmoreglue
 .text.__sinit  0x00003a08       0x60 c:/siliconlabs/simplicitystudio/v4/developer/toolchains/gnu_arm/7.2_2017q4/bin/../lib/gcc/arm-none-eabi/7.2.1/../../../../arm-none-eabi/lib/thumb/v7-m\libc_nano.a(lib_a-findfp.o)
                0x00003a08                __sinit
 .text.__sfp    0x00003a68       0x78 c:/siliconlabs/simplicitystudio/v4/developer/toolchains/gnu_arm/7.2_2017q4/bin/../lib/gcc/arm-none-eabi/7.2.1/../../../../arm-none-eabi/lib/thumb/v7-m\libc_nano.a(lib_a-findfp.o)
                0x00003a68                __sfp
 .text._fwalk_reent
                0x00003ae0       0x3c c:/siliconlabs/simplicitystudio/v4/developer/toolchains/gnu_arm/7.2_2017q4/bin/../lib/gcc/arm-none-eabi/7.2.1/../../../../arm-none-eabi/lib/thumb/v7-m\libc_nano.a(lib_a-fwalk.o)
                0x00003ae0                _fwalk_reent
 .text._malloc_r
                0x00003b1c       0xb4 c:/siliconlabs/simplicitystudio/v4/developer/toolchains/gnu_arm/7.2_2017q4/bin/../lib/gcc/arm-none-eabi/7.2.1/../../../../arm-none-eabi/lib/thumb/v7-m\libc_nano.a(lib_a-nano-mallocr.o)
                0x00003b1c                _malloc_r
 .text.__sfputc_r
                0x00003bd0       0x2a c:/siliconlabs/simplicitystudio/v4/developer/toolchains/gnu_arm/7.2_2017q4/bin/../lib/gcc/arm-none-eabi/7.2.1/../../../../arm-none-eabi/lib/thumb/v7-m\libc_nano.a(lib_a-nano-vfprintf.o)
 .text.__sfputs_r
                0x00003bfa       0x24 c:/siliconlabs/simplicitystudio/v4/developer/toolchains/gnu_arm/7.2_2017q4/bin/../lib/gcc/arm-none-eabi/7.2.1/../../../../arm-none-eabi/lib/thumb/v7-m\libc_nano.a(lib_a-nano-vfprintf.o)
                0x00003bfa                __sfputs_r
 *fill*         0x00003c1e        0x2 
 .text._vfprintf_r
                0x00003c20      0x228 c:/siliconlabs/simplicitystudio/v4/developer/toolchains/gnu_arm/7.2_2017q4/bin/../lib/gcc/arm-none-eabi/7.2.1/../../../../arm-none-eabi/lib/thumb/v7-m\libc_nano.a(lib_a-nano-vfprintf.o)
                0x00003c20                _vfprintf_r
                0x00003c20                _vfiprintf_r
 .text._printf_common
                0x00003e48       0xec c:/siliconlabs/simplicitystudio/v4/developer/toolchains/gnu_arm/7.2_2017q4/bin/../lib/gcc/arm-none-eabi/7.2.1/../../../../arm-none-eabi/lib/thumb/v7-m\libc_nano.a(lib_a-nano-vfprintf_i.o)
                0x00003e48                _printf_common
 .text._printf_i
                0x00003f34      0x224 c:/siliconlabs/simplicitystudio/v4/developer/toolchains/gnu_arm/7.2_2017q4/bin/../lib/gcc/arm-none-eabi/7.2.1/../../../../arm-none-eabi/lib/thumb/v7-m\libc_nano.a(lib_a-nano-vfprintf_i.o)
                0x00003f34                _printf_i
 .text._sbrk_r  0x00004158       0x20 c:/siliconlabs/simplicitystudio/v4/developer/toolchains/gnu_arm/7.2_2017q4/bin/../lib/gcc/arm-none-eabi/7.2.1/../../../../arm-none-eabi/lib/thumb/v7-m\libc_nano.a(lib_a-sbrkr.o)
                0x00004158                _sbrk_r
 .text.__sread  0x00004178       0x22 c:/siliconlabs/simplicitystudio/v4/developer/toolchains/gnu_arm/7.2_2017q4/bin/../lib/gcc/arm-none-eabi/7.2.1/../../../../arm-none-eabi/lib/thumb/v7-m\libc_nano.a(lib_a-stdio.o)
                0x00004178                __sread
 .text.__swrite
                0x0000419a       0x38 c:/siliconlabs/simplicitystudio/v4/developer/toolchains/gnu_arm/7.2_2017q4/bin/../lib/gcc/arm-none-eabi/7.2.1/../../../../arm-none-eabi/lib/thumb/v7-m\libc_nano.a(lib_a-stdio.o)
                0x0000419a                __swrite
 .text.__sseek  0x000041d2       0x24 c:/siliconlabs/simplicitystudio/v4/developer/toolchains/gnu_arm/7.2_2017q4/bin/../lib/gcc/arm-none-eabi/7.2.1/../../../../arm-none-eabi/lib/thumb/v7-m\libc_nano.a(lib_a-stdio.o)
                0x000041d2                __sseek
 .text.__sclose
                0x000041f6        0x8 c:/siliconlabs/simplicitystudio/v4/developer/toolchains/gnu_arm/7.2_2017q4/bin/../lib/gcc/arm-none-eabi/7.2.1/../../../../arm-none-eabi/lib/thumb/v7-m\libc_nano.a(lib_a-stdio.o)
                0x000041f6                __sclose
 *fill*         0x000041fe        0x2 
 .text.__swbuf_r
                0x00004200       0xa4 c:/siliconlabs/simplicitystudio/v4/developer/toolchains/gnu_arm/7.2_2017q4/bin/../lib/gcc/arm-none-eabi/7.2.1/../../../../arm-none-eabi/lib/thumb/v7-m\libc_nano.a(lib_a-wbuf.o)
                0x00004200                __swbuf_r
 .text._write_r
                0x000042a4       0x24 c:/siliconlabs/simplicitystudio/v4/developer/toolchains/gnu_arm/7.2_2017q4/bin/../lib/gcc/arm-none-eabi/7.2.1/../../../../arm-none-eabi/lib/thumb/v7-m\libc_nano.a(lib_a-writer.o)
                0x000042a4                _write_r
 .text.__swsetup_r
                0x000042c8       0xdc c:/siliconlabs/simplicitystudio/v4/developer/toolchains/gnu_arm/7.2_2017q4/bin/../lib/gcc/arm-none-eabi/7.2.1/../../../../arm-none-eabi/lib/thumb/v7-m\libc_nano.a(lib_a-wsetup.o)
                0x000042c8                __swsetup_r
 .text._close_r
                0x000043a4       0x20 c:/siliconlabs/simplicitystudio/v4/developer/toolchains/gnu_arm/7.2_2017q4/bin/../lib/gcc/arm-none-eabi/7.2.1/../../../../arm-none-eabi/lib/thumb/v7-m\libc_nano.a(lib_a-closer.o)
                0x000043a4                _close_r
 .text.__sflush_r
                0x000043c4      0x10c c:/siliconlabs/simplicitystudio/v4/developer/toolchains/gnu_arm/7.2_2017q4/bin/../lib/gcc/arm-none-eabi/7.2.1/../../../../arm-none-eabi/lib/thumb/v7-m\libc_nano.a(lib_a-fflush.o)
                0x000043c4                __sflush_r
 .text._fflush_r
                0x000044d0       0x54 c:/siliconlabs/simplicitystudio/v4/developer/toolchains/gnu_arm/7.2_2017q4/bin/../lib/gcc/arm-none-eabi/7.2.1/../../../../arm-none-eabi/lib/thumb/v7-m\libc_nano.a(lib_a-fflush.o)
                0x000044d0                _fflush_r
 .text._lseek_r
                0x00004524       0x24 c:/siliconlabs/simplicitystudio/v4/developer/toolchains/gnu_arm/7.2_2017q4/bin/../lib/gcc/arm-none-eabi/7.2.1/../../../../arm-none-eabi/lib/thumb/v7-m\libc_nano.a(lib_a-lseekr.o)
                0x00004524                _lseek_r
 .text.__swhatbuf_r
                0x00004548       0x48 c:/siliconlabs/simplicitystudio/v4/developer/toolchains/gnu_arm/7.2_2017q4/bin/../lib/gcc/arm-none-eabi/7.2.1/../../../../arm-none-eabi/lib/thumb/v7-m\libc_nano.a(lib_a-makebuf.o)
                0x00004548                __swhatbuf_r
 .text.__smakebuf_r
                0x00004590       0x80 c:/siliconlabs/simplicitystudio/v4/developer/toolchains/gnu_arm/7.2_2017q4/bin/../lib/gcc/arm-none-eabi/7.2.1/../../../../arm-none-eabi/lib/thumb/v7-m\libc_nano.a(lib_a-makebuf.o)
                0x00004590                __smakebuf_r
 .text.memchr   0x00004610       0x1c c:/siliconlabs/simplicitystudio/v4/developer/toolchains/gnu_arm/7.2_2017q4/bin/../lib/gcc/arm-none-eabi/7.2.1/../../../../arm-none-eabi/lib/thumb/v7-m\libc_nano.a(lib_a-memchr-stub.o)
                0x00004610                memchr
 .text.__malloc_lock
                0x0000462c        0x2 c:/siliconlabs/simplicitystudio/v4/developer/toolchains/gnu_arm/7.2_2017q4/bin/../lib/gcc/arm-none-eabi/7.2.1/../../../../arm-none-eabi/lib/thumb/v7-m\libc_nano.a(lib_a-mlock.o)
                0x0000462c                __malloc_lock
 .text.__malloc_unlock
                0x0000462e        0x2 c:/siliconlabs/simplicitystudio/v4/developer/toolchains/gnu_arm/7.2_2017q4/bin/../lib/gcc/arm-none-eabi/7.2.1/../../../../arm-none-eabi/lib/thumb/v7-m\libc_nano.a(lib_a-mlock.o)
                0x0000462e                __malloc_unlock
 .text._free_r  0x00004630       0x98 c:/siliconlabs/simplicitystudio/v4/developer/toolchains/gnu_arm/7.2_2017q4/bin/../lib/gcc/arm-none-eabi/7.2.1/../../../../arm-none-eabi/lib/thumb/v7-m\libc_nano.a(lib_a-nano-freer.o)
                0x00004630                _free_r
 .text._read_r  0x000046c8       0x24 c:/siliconlabs/simplicitystudio/v4/developer/toolchains/gnu_arm/7.2_2017q4/bin/../lib/gcc/arm-none-eabi/7.2.1/../../../../arm-none-eabi/lib/thumb/v7-m\libc_nano.a(lib_a-readr.o)
                0x000046c8                _read_r
 .text._fstat_r
                0x000046ec       0x24 c:/siliconlabs/simplicitystudio/v4/developer/toolchains/gnu_arm/7.2_2017q4/bin/../lib/gcc/arm-none-eabi/7.2.1/../../../../arm-none-eabi/lib/thumb/v7-m\libc_nano.a(lib_a-fstatr.o)
                0x000046ec                _fstat_r
 .text._isatty_r
                0x00004710       0x20 c:/siliconlabs/simplicitystudio/v4/developer/toolchains/gnu_arm/7.2_2017q4/bin/../lib/gcc/arm-none-eabi/7.2.1/../../../../arm-none-eabi/lib/thumb/v7-m\libc_nano.a(lib_a-isattyr.o)
                0x00004710                _isatty_r
 .text._close   0x00004730       0x10 c:/siliconlabs/simplicitystudio/v4/developer/toolchains/gnu_arm/7.2_2017q4/bin/../lib/gcc/arm-none-eabi/7.2.1/../../../../arm-none-eabi/lib/thumb/v7-m\libnosys.a(close.o)
                0x00004730                _close
 .text._fstat   0x00004740       0x10 c:/siliconlabs/simplicitystudio/v4/developer/toolchains/gnu_arm/7.2_2017q4/bin/../lib/gcc/arm-none-eabi/7.2.1/../../../../arm-none-eabi/lib/thumb/v7-m\libnosys.a(fstat.o)
                0x00004740                _fstat
 .text._isatty  0x00004750       0x10 c:/siliconlabs/simplicitystudio/v4/developer/toolchains/gnu_arm/7.2_2017q4/bin/../lib/gcc/arm-none-eabi/7.2.1/../../../../arm-none-eabi/lib/thumb/v7-m\libnosys.a(isatty.o)
                0x00004750                _isatty
 .text._lseek   0x00004760       0x10 c:/siliconlabs/simplicitystudio/v4/developer/toolchains/gnu_arm/7.2_2017q4/bin/../lib/gcc/arm-none-eabi/7.2.1/../../../../arm-none-eabi/lib/thumb/v7-m\libnosys.a(lseek.o)
                0x00004760                _lseek
 .text._read    0x00004770       0x10 c:/siliconlabs/simplicitystudio/v4/developer/toolchains/gnu_arm/7.2_2017q4/bin/../lib/gcc/arm-none-eabi/7.2.1/../../../../arm-none-eabi/lib/thumb/v7-m\libnosys.a(read.o)
                0x00004770                _read
 .text._sbrk    0x00004780       0x1c c:/siliconlabs/simplicitystudio/v4/developer/toolchains/gnu_arm/7.2_2017q4/bin/../lib/gcc/arm-none-eabi/7.2.1/../../../../arm-none-eabi/lib/thumb/v7-m\libnosys.a(sbrk.o)
                0x00004780                _sbrk
 .text._exit    0x0000479c        0x4 c:/siliconlabs/simplicitystudio/v4/developer/toolchains/gnu_arm/7.2_2017q4/bin/../lib/gcc/arm-none-eabi/7.2.1/../../../../arm-none-eabi/lib/thumb/v7-m\libnosys.a(_exit.o)
                0x0000479c                _exit
 *(.init)
 .init          0x000047a0        0x4 c:/siliconlabs/simplicitystudio/v4/developer/toolchains/gnu_arm/7.2_2017q4/bin/../lib/gcc/arm-none-eabi/7.2.1/thumb/v7-m/crti.o
                0x000047a0                _init
 .init          0x000047a4        0x8 c:/siliconlabs/simplicitystudio/v4/developer/toolchains/gnu_arm/7.2_2017q4/bin/../lib/gcc/arm-none-eabi/7.2.1/thumb/v7-m/crtn.o
 *(.fini)
 .fini          0x000047ac        0x4 c:/siliconlabs/simplicitystudio/v4/developer/toolchains/gnu_arm/7.2_2017q4/bin/../lib/gcc/arm-none-eabi/7.2.1/thumb/v7-m/crti.o
                0x000047ac                _fini
 .fini          0x000047b0        0x8 c:/siliconlabs/simplicitystudio/v4/developer/toolchains/gnu_arm/7.2_2017q4/bin/../lib/gcc/arm-none-eabi/7.2.1/thumb/v7-m/crtn.o
 *crtbegin.o(.ctors)
 *crtbegin?.o(.ctors)
 *(EXCLUDE_FILE(*crtend.o *crtend?.o) .ctors)
 *(SORT_BY_NAME(.ctors.*))
 *(.ctors)
 *crtbegin.o(.dtors)
 *crtbegin?.o(.dtors)
 *(EXCLUDE_FILE(*crtend.o *crtend?.o) .dtors)
 *(SORT_BY_NAME(.dtors.*))
 *(.dtors)
 *(.rodata*)
 .rodata        0x000047b8       0x64 ./BSP/bsp_stk_leds.o
 .rodata.ledArray
                0x0000481c       0x10 ./BSP/bsp_stk_leds.o
 .rodata        0x0000482c       0x1d ./FreeRTOS/efm32gg/heap_1.o
 *fill*         0x00004849        0x3 
 .rodata        0x0000484c       0x1f ./FreeRTOS/efm32gg/port_gcc.o
 *fill*         0x0000486b        0x1 
 .rodata        0x0000486c       0x1c ./FreeRTOS/efm32gg/queue.o
 .rodata        0x00004888       0x21 ./FreeRTOS/efm32gg/tasks.o
 *fill*         0x000048a9        0x3 
 .rodata        0x000048ac       0x14 ./emlib/em_burtc.o
 .rodata        0x000048c0       0xde ./emlib/em_cmu.o
 *fill*         0x0000499e        0x2 
 .rodata        0x000049a0       0x77 ./emlib/em_gpio.o
 *fill*         0x00004a17        0x1 
 .rodata.i2cNSum
                0x00004a18        0x4 ./emlib/em_i2c.o
 .rodata        0x00004a1c       0x12 ./emlib/em_i2c.o
 *fill*         0x00004a2e        0x2 
 .rodata.resetCauseMasks
                0x00004a30       0x80 ./emlib/em_rmu.o
 .rodata        0x00004ab0       0x15 ./emlib/em_system.o
 *fill*         0x00004ac5        0x3 
 .rodata        0x00004ac8       0x41 ./src/main.o
 *fill*         0x00004b09        0x3 
 .rodata        0x00004b0c       0x2b ./src/my_file_I2C.o
 *fill*         0x00004b37        0x1 
 .rodata._global_impure_ptr
                0x00004b38        0x4 c:/siliconlabs/simplicitystudio/v4/developer/toolchains/gnu_arm/7.2_2017q4/bin/../lib/gcc/arm-none-eabi/7.2.1/../../../../arm-none-eabi/lib/thumb/v7-m\libc_nano.a(lib_a-impure.o)
                0x00004b38                _global_impure_ptr
 .rodata.__sf_fake_stderr
                0x00004b3c       0x20 c:/siliconlabs/simplicitystudio/v4/developer/toolchains/gnu_arm/7.2_2017q4/bin/../lib/gcc/arm-none-eabi/7.2.1/../../../../arm-none-eabi/lib/thumb/v7-m\libc_nano.a(lib_a-findfp.o)
                0x00004b3c                __sf_fake_stderr
 .rodata.__sf_fake_stdin
                0x00004b5c       0x20 c:/siliconlabs/simplicitystudio/v4/developer/toolchains/gnu_arm/7.2_2017q4/bin/../lib/gcc/arm-none-eabi/7.2.1/../../../../arm-none-eabi/lib/thumb/v7-m\libc_nano.a(lib_a-findfp.o)
                0x00004b5c                __sf_fake_stdin
 .rodata.__sf_fake_stdout
                0x00004b7c       0x20 c:/siliconlabs/simplicitystudio/v4/developer/toolchains/gnu_arm/7.2_2017q4/bin/../lib/gcc/arm-none-eabi/7.2.1/../../../../arm-none-eabi/lib/thumb/v7-m\libc_nano.a(lib_a-findfp.o)
                0x00004b7c                __sf_fake_stdout
 .rodata._vfprintf_r.str1.1
                0x00004b9c       0x11 c:/siliconlabs/simplicitystudio/v4/developer/toolchains/gnu_arm/7.2_2017q4/bin/../lib/gcc/arm-none-eabi/7.2.1/../../../../arm-none-eabi/lib/thumb/v7-m\libc_nano.a(lib_a-nano-vfprintf.o)
 .rodata._printf_i.str1.1
                0x00004bad       0x22 c:/siliconlabs/simplicitystudio/v4/developer/toolchains/gnu_arm/7.2_2017q4/bin/../lib/gcc/arm-none-eabi/7.2.1/../../../../arm-none-eabi/lib/thumb/v7-m\libc_nano.a(lib_a-nano-vfprintf_i.o)
 *(.eh_frame*)
 *fill*         0x00004bcf        0x1 
 .eh_frame      0x00004bd0        0x0 c:/siliconlabs/simplicitystudio/v4/developer/toolchains/gnu_arm/7.2_2017q4/bin/../lib/gcc/arm-none-eabi/7.2.1/thumb/v7-m/crtbegin.o
 .eh_frame      0x00004bd0        0x4 c:/siliconlabs/simplicitystudio/v4/developer/toolchains/gnu_arm/7.2_2017q4/bin/../lib/gcc/arm-none-eabi/7.2.1/thumb/v7-m/crtend.o

.glue_7         0x00004bd4        0x0
 .glue_7        0x00004bd4        0x0 linker stubs

.glue_7t        0x00004bd4        0x0
 .glue_7t       0x00004bd4        0x0 linker stubs

.vfp11_veneer   0x00004bd4        0x0
 .vfp11_veneer  0x00004bd4        0x0 linker stubs

.v4_bx          0x00004bd4        0x0
 .v4_bx         0x00004bd4        0x0 linker stubs

.iplt           0x00004bd4        0x0
 .iplt          0x00004bd4        0x0 c:/siliconlabs/simplicitystudio/v4/developer/toolchains/gnu_arm/7.2_2017q4/bin/../lib/gcc/arm-none-eabi/7.2.1/thumb/v7-m/crtbegin.o

.ARM.extab
 *(.ARM.extab* .gnu.linkonce.armextab.*)
                0x00004bd4                __exidx_start = .

.ARM.exidx      0x00004bd4        0x8
 *(.ARM.exidx* .gnu.linkonce.armexidx.*)
 .ARM.exidx     0x00004bd4        0x8 c:/siliconlabs/simplicitystudio/v4/developer/toolchains/gnu_arm/7.2_2017q4/bin/../lib/gcc/arm-none-eabi/7.2.1/../../../../arm-none-eabi/lib/thumb/v7-m/crt0.o
                0x00004bdc                __exidx_end = .
                0x00004bdc                __etext = .

.rel.dyn        0x00004bdc        0x0
 .rel.iplt      0x00004bdc        0x0 c:/siliconlabs/simplicitystudio/v4/developer/toolchains/gnu_arm/7.2_2017q4/bin/../lib/gcc/arm-none-eabi/7.2.1/thumb/v7-m/crtbegin.o

.data           0x20000000       0x8c load address 0x00004bdc
                0x20000000                __data_start__ = .
 *(vtable)
 *(.data*)
 .data.SystemHFXOClock
                0x20000000        0x4 ./CMSIS/EFM32GG/system_efm32gg.o
 .data.SystemLFXOClock
                0x20000004        0x4 ./CMSIS/EFM32GG/system_efm32gg.o
 .data.SystemCoreClock
                0x20000008        0x4 ./CMSIS/EFM32GG/system_efm32gg.o
                0x20000008                SystemCoreClock
 .data.uxCriticalNesting
                0x2000000c        0x4 ./FreeRTOS/efm32gg/port_gcc.o
 .data.parametersToTask1.7195
                0x20000010        0x8 ./src/main.o
 .data.parametersToTask2.7196
                0x20000018        0x8 ./src/main.o
 .data._impure_ptr
                0x20000020        0x4 c:/siliconlabs/simplicitystudio/v4/developer/toolchains/gnu_arm/7.2_2017q4/bin/../lib/gcc/arm-none-eabi/7.2.1/../../../../arm-none-eabi/lib/thumb/v7-m\libc_nano.a(lib_a-impure.o)
                0x20000020                _impure_ptr
 .data.impure_data
                0x20000024       0x60 c:/siliconlabs/simplicitystudio/v4/developer/toolchains/gnu_arm/7.2_2017q4/bin/../lib/gcc/arm-none-eabi/7.2.1/../../../../arm-none-eabi/lib/thumb/v7-m\libc_nano.a(lib_a-impure.o)
                0x20000084                . = ALIGN (0x4)
                [!provide]                PROVIDE (__ram_func_section_start, .)
 *(.ram)
                [!provide]                PROVIDE (__ram_func_section_end, .)
                0x20000084                . = ALIGN (0x4)
                0x20000084                PROVIDE (__preinit_array_start, .)
 *(.preinit_array)
                0x20000084                PROVIDE (__preinit_array_end, .)
                0x20000084                . = ALIGN (0x4)
                0x20000084                PROVIDE (__init_array_start, .)
 *(SORT_BY_NAME(.init_array.*))
 *(.init_array)
 .init_array    0x20000084        0x4 c:/siliconlabs/simplicitystudio/v4/developer/toolchains/gnu_arm/7.2_2017q4/bin/../lib/gcc/arm-none-eabi/7.2.1/thumb/v7-m/crtbegin.o
                0x20000088                PROVIDE (__init_array_end, .)
                0x20000088                . = ALIGN (0x4)
                [!provide]                PROVIDE (__fini_array_start, .)
 *(SORT_BY_NAME(.fini_array.*))
 *(.fini_array)
 .fini_array    0x20000088        0x4 c:/siliconlabs/simplicitystudio/v4/developer/toolchains/gnu_arm/7.2_2017q4/bin/../lib/gcc/arm-none-eabi/7.2.1/thumb/v7-m/crtbegin.o
                [!provide]                PROVIDE (__fini_array_end, .)
 *(.jcr*)
                0x2000008c                . = ALIGN (0x4)
                0x2000008c                __data_end__ = .

.igot.plt       0x2000008c        0x0 load address 0x00004c68
 .igot.plt      0x2000008c        0x0 c:/siliconlabs/simplicitystudio/v4/developer/toolchains/gnu_arm/7.2_2017q4/bin/../lib/gcc/arm-none-eabi/7.2.1/thumb/v7-m/crtbegin.o

.bss            0x2000008c     0x2464 load address 0x00004c68
                0x2000008c                . = ALIGN (0x4)
                0x2000008c                __bss_start__ = .
 *(.bss*)
 .bss           0x2000008c       0x1c c:/siliconlabs/simplicitystudio/v4/developer/toolchains/gnu_arm/7.2_2017q4/bin/../lib/gcc/arm-none-eabi/7.2.1/thumb/v7-m/crtbegin.o
 .bss.sleepContext
                0x200000a8        0xc ./Drivers/sleep.o
 .bss.sleepCallback
                0x200000b4        0x4 ./Drivers/sleep.o
 .bss.sleepBlockCnt
                0x200000b8        0x2 ./Drivers/sleep.o
 *fill*         0x200000ba        0x2 
 .bss.ucHeap    0x200000bc     0x2328 ./FreeRTOS/efm32gg/heap_1.o
 .bss.xNextFreeByte
                0x200023e4        0x4 ./FreeRTOS/efm32gg/heap_1.o
 .bss.pucAlignedHeap.4479
                0x200023e8        0x4 ./FreeRTOS/efm32gg/heap_1.o
 .bss.pxCurrentTCB
                0x200023ec        0x4 ./FreeRTOS/efm32gg/tasks.o
                0x200023ec                pxCurrentTCB
 .bss.pxReadyTasksLists
                0x200023f0       0x3c ./FreeRTOS/efm32gg/tasks.o
 .bss.xDelayedTaskList1
                0x2000242c       0x14 ./FreeRTOS/efm32gg/tasks.o
 .bss.xDelayedTaskList2
                0x20002440       0x14 ./FreeRTOS/efm32gg/tasks.o
 .bss.pxDelayedTaskList
                0x20002454        0x4 ./FreeRTOS/efm32gg/tasks.o
 .bss.pxOverflowDelayedTaskList
                0x20002458        0x4 ./FreeRTOS/efm32gg/tasks.o
 .bss.xPendingReadyList
                0x2000245c       0x14 ./FreeRTOS/efm32gg/tasks.o
 .bss.xTasksWaitingTermination
                0x20002470       0x14 ./FreeRTOS/efm32gg/tasks.o
 .bss.xSuspendedTaskList
                0x20002484       0x14 ./FreeRTOS/efm32gg/tasks.o
 .bss.uxCurrentNumberOfTasks
                0x20002498        0x4 ./FreeRTOS/efm32gg/tasks.o
 .bss.xTickCount
                0x2000249c        0x4 ./FreeRTOS/efm32gg/tasks.o
 .bss.uxTopReadyPriority
                0x200024a0        0x4 ./FreeRTOS/efm32gg/tasks.o
 .bss.xSchedulerRunning
                0x200024a4        0x4 ./FreeRTOS/efm32gg/tasks.o
 .bss.uxPendedTicks
                0x200024a8        0x4 ./FreeRTOS/efm32gg/tasks.o
 .bss.xYieldPending
                0x200024ac        0x4 ./FreeRTOS/efm32gg/tasks.o
 .bss.xNumOfOverflows
                0x200024b0        0x4 ./FreeRTOS/efm32gg/tasks.o
 .bss.uxTaskNumber
                0x200024b4        0x4 ./FreeRTOS/efm32gg/tasks.o
 .bss.xNextTaskUnblockTime
                0x200024b8        0x4 ./FreeRTOS/efm32gg/tasks.o
 .bss.uxSchedulerSuspended
                0x200024bc        0x4 ./FreeRTOS/efm32gg/tasks.o
 .bss.i2cTransfer
                0x200024c0       0x18 ./emlib/em_i2c.o
 .bss.device_addr
                0x200024d8        0x1 ./src/my_file_I2C.o
 *fill*         0x200024d9        0x3 
 .bss.__malloc_free_list
                0x200024dc        0x4 c:/siliconlabs/simplicitystudio/v4/developer/toolchains/gnu_arm/7.2_2017q4/bin/../lib/gcc/arm-none-eabi/7.2.1/../../../../arm-none-eabi/lib/thumb/v7-m\libc_nano.a(lib_a-nano-mallocr.o)
                0x200024dc                __malloc_free_list
 .bss.__malloc_sbrk_start
                0x200024e0        0x4 c:/siliconlabs/simplicitystudio/v4/developer/toolchains/gnu_arm/7.2_2017q4/bin/../lib/gcc/arm-none-eabi/7.2.1/../../../../arm-none-eabi/lib/thumb/v7-m\libc_nano.a(lib_a-nano-mallocr.o)
                0x200024e0                __malloc_sbrk_start
 .bss.heap_end.4102
                0x200024e4        0x4 c:/siliconlabs/simplicitystudio/v4/developer/toolchains/gnu_arm/7.2_2017q4/bin/../lib/gcc/arm-none-eabi/7.2.1/../../../../arm-none-eabi/lib/thumb/v7-m\libnosys.a(sbrk.o)
 *(COMMON)
 COMMON         0x200024e8        0x4 ./src/my_file_I2C.o
                0x200024e8                sem
 COMMON         0x200024ec        0x4 c:/siliconlabs/simplicitystudio/v4/developer/toolchains/gnu_arm/7.2_2017q4/bin/../lib/gcc/arm-none-eabi/7.2.1/../../../../arm-none-eabi/lib/thumb/v7-m\libc_nano.a(lib_a-reent.o)
                0x200024ec                errno
                0x200024f0                . = ALIGN (0x4)
                0x200024f0                __bss_end__ = .

.heap           0x200024f0      0xc00
                0x200024f0                __HeapBase = .
                0x200024f0                __end__ = .
                0x200024f0                end = __end__
                0x200024f0                _end = __end__
 *(.heap*)
 .heap          0x200024f0      0xc00 ./CMSIS/EFM32GG/startup_gcc_efm32gg.o
                0x200030f0                __HeapLimit = .

.stack_dummy    0x200024f0      0x400
 *(.stack*)
 .stack         0x200024f0      0x400 ./CMSIS/EFM32GG/startup_gcc_efm32gg.o
                0x20020000                __StackTop = (ORIGIN (RAM) + LENGTH (RAM))
                0x2001fc00                __StackLimit = (__StackTop - SIZEOF (.stack_dummy))
                0x20020000                PROVIDE (__stack, __StackTop)
                0x00000001                ASSERT ((__StackLimit >= __HeapLimit), region RAM overflowed with stack)
                0x00000001                ASSERT ((LENGTH (FLASH) >= (__etext + SIZEOF (.data))), FLASH memory overflowed !)
OUTPUT(EFM32_Base.axf elf32-littlearm)

.ARM.attributes
                0x00000000       0x29
 .ARM.attributes
                0x00000000       0x1d c:/siliconlabs/simplicitystudio/v4/developer/toolchains/gnu_arm/7.2_2017q4/bin/../lib/gcc/arm-none-eabi/7.2.1/thumb/v7-m/crti.o
 .ARM.attributes
                0x0000001d       0x2d c:/siliconlabs/simplicitystudio/v4/developer/toolchains/gnu_arm/7.2_2017q4/bin/../lib/gcc/arm-none-eabi/7.2.1/thumb/v7-m/crtbegin.o
 .ARM.attributes
                0x0000004a       0x1b c:/siliconlabs/simplicitystudio/v4/developer/toolchains/gnu_arm/7.2_2017q4/bin/../lib/gcc/arm-none-eabi/7.2.1/../../../../arm-none-eabi/lib/thumb/v7-m/crt0.o
 .ARM.attributes
                0x00000065       0x33 ./BSP/bsp_stk_leds.o
 .ARM.attributes
                0x00000098       0x33 ./BSP/bsp_trace.o
 .ARM.attributes
                0x000000cb       0x1b ./CMSIS/EFM32GG/startup_gcc_efm32gg.o
 .ARM.attributes
                0x000000e6       0x33 ./CMSIS/EFM32GG/system_efm32gg.o
 .ARM.attributes
                0x00000119       0x33 ./Drivers/sleep.o
 .ARM.attributes
                0x0000014c       0x33 ./FreeRTOS/efm32gg/heap_1.o
 .ARM.attributes
                0x0000017f       0x33 ./FreeRTOS/efm32gg/list.o
 .ARM.attributes
                0x000001b2       0x33 ./FreeRTOS/efm32gg/port_gcc.o
 .ARM.attributes
                0x000001e5       0x33 ./FreeRTOS/efm32gg/queue.o
 .ARM.attributes
                0x00000218       0x33 ./FreeRTOS/efm32gg/tasks.o
 .ARM.attributes
                0x0000024b       0x33 ./emlib/em_assert.o
 .ARM.attributes
                0x0000027e       0x33 ./emlib/em_burtc.o
 .ARM.attributes
                0x000002b1       0x33 ./emlib/em_cmu.o
 .ARM.attributes
                0x000002e4       0x33 ./emlib/em_gpio.o
 .ARM.attributes
                0x00000317       0x33 ./emlib/em_i2c.o
 .ARM.attributes
                0x0000034a       0x33 ./emlib/em_rmu.o
 .ARM.attributes
                0x0000037d       0x33 ./emlib/em_system.o
 .ARM.attributes
                0x000003b0       0x33 ./src/low_power_tick_management.o
 .ARM.attributes
                0x000003e3       0x33 ./src/main.o
 .ARM.attributes
                0x00000416       0x33 ./src/my_file_I2C.o
 .ARM.attributes
                0x00000449       0x2d c:/siliconlabs/simplicitystudio/v4/developer/toolchains/gnu_arm/7.2_2017q4/bin/../lib/gcc/arm-none-eabi/7.2.1/../../../../arm-none-eabi/lib/thumb/v7-m\libc_nano.a(lib_a-exit.o)
 .ARM.attributes
                0x00000476       0x2d c:/siliconlabs/simplicitystudio/v4/developer/toolchains/gnu_arm/7.2_2017q4/bin/../lib/gcc/arm-none-eabi/7.2.1/../../../../arm-none-eabi/lib/thumb/v7-m\libc_nano.a(lib_a-impure.o)
 .ARM.attributes
                0x000004a3       0x2d c:/siliconlabs/simplicitystudio/v4/developer/toolchains/gnu_arm/7.2_2017q4/bin/../lib/gcc/arm-none-eabi/7.2.1/../../../../arm-none-eabi/lib/thumb/v7-m\libc_nano.a(lib_a-init.o)
 .ARM.attributes
                0x000004d0       0x2d c:/siliconlabs/simplicitystudio/v4/developer/toolchains/gnu_arm/7.2_2017q4/bin/../lib/gcc/arm-none-eabi/7.2.1/../../../../arm-none-eabi/lib/thumb/v7-m\libc_nano.a(lib_a-memcpy-stub.o)
 .ARM.attributes
                0x000004fd       0x2d c:/siliconlabs/simplicitystudio/v4/developer/toolchains/gnu_arm/7.2_2017q4/bin/../lib/gcc/arm-none-eabi/7.2.1/../../../../arm-none-eabi/lib/thumb/v7-m\libc_nano.a(lib_a-memset.o)
 .ARM.attributes
                0x0000052a       0x2d c:/siliconlabs/simplicitystudio/v4/developer/toolchains/gnu_arm/7.2_2017q4/bin/../lib/gcc/arm-none-eabi/7.2.1/../../../../arm-none-eabi/lib/thumb/v7-m\libc_nano.a(lib_a-printf.o)
 .ARM.attributes
                0x00000557       0x2d c:/siliconlabs/simplicitystudio/v4/developer/toolchains/gnu_arm/7.2_2017q4/bin/../lib/gcc/arm-none-eabi/7.2.1/../../../../arm-none-eabi/lib/thumb/v7-m\libc_nano.a(lib_a-findfp.o)
 .ARM.attributes
                0x00000584       0x2d c:/siliconlabs/simplicitystudio/v4/developer/toolchains/gnu_arm/7.2_2017q4/bin/../lib/gcc/arm-none-eabi/7.2.1/../../../../arm-none-eabi/lib/thumb/v7-m\libc_nano.a(lib_a-fwalk.o)
 .ARM.attributes
                0x000005b1       0x2d c:/siliconlabs/simplicitystudio/v4/developer/toolchains/gnu_arm/7.2_2017q4/bin/../lib/gcc/arm-none-eabi/7.2.1/../../../../arm-none-eabi/lib/thumb/v7-m\libc_nano.a(lib_a-nano-mallocr.o)
 .ARM.attributes
                0x000005de       0x2d c:/siliconlabs/simplicitystudio/v4/developer/toolchains/gnu_arm/7.2_2017q4/bin/../lib/gcc/arm-none-eabi/7.2.1/../../../../arm-none-eabi/lib/thumb/v7-m\libc_nano.a(lib_a-nano-vfprintf.o)
 .ARM.attributes
                0x0000060b       0x2d c:/siliconlabs/simplicitystudio/v4/developer/toolchains/gnu_arm/7.2_2017q4/bin/../lib/gcc/arm-none-eabi/7.2.1/../../../../arm-none-eabi/lib/thumb/v7-m\libc_nano.a(lib_a-nano-vfprintf_i.o)
 .ARM.attributes
                0x00000638       0x2d c:/siliconlabs/simplicitystudio/v4/developer/toolchains/gnu_arm/7.2_2017q4/bin/../lib/gcc/arm-none-eabi/7.2.1/../../../../arm-none-eabi/lib/thumb/v7-m\libc_nano.a(lib_a-sbrkr.o)
 .ARM.attributes
                0x00000665       0x2d c:/siliconlabs/simplicitystudio/v4/developer/toolchains/gnu_arm/7.2_2017q4/bin/../lib/gcc/arm-none-eabi/7.2.1/../../../../arm-none-eabi/lib/thumb/v7-m\libc_nano.a(lib_a-stdio.o)
 .ARM.attributes
                0x00000692       0x2d c:/siliconlabs/simplicitystudio/v4/developer/toolchains/gnu_arm/7.2_2017q4/bin/../lib/gcc/arm-none-eabi/7.2.1/../../../../arm-none-eabi/lib/thumb/v7-m\libc_nano.a(lib_a-wbuf.o)
 .ARM.attributes
                0x000006bf       0x2d c:/siliconlabs/simplicitystudio/v4/developer/toolchains/gnu_arm/7.2_2017q4/bin/../lib/gcc/arm-none-eabi/7.2.1/../../../../arm-none-eabi/lib/thumb/v7-m\libc_nano.a(lib_a-writer.o)
 .ARM.attributes
                0x000006ec       0x2d c:/siliconlabs/simplicitystudio/v4/developer/toolchains/gnu_arm/7.2_2017q4/bin/../lib/gcc/arm-none-eabi/7.2.1/../../../../arm-none-eabi/lib/thumb/v7-m\libc_nano.a(lib_a-wsetup.o)
 .ARM.attributes
                0x00000719       0x2d c:/siliconlabs/simplicitystudio/v4/developer/toolchains/gnu_arm/7.2_2017q4/bin/../lib/gcc/arm-none-eabi/7.2.1/../../../../arm-none-eabi/lib/thumb/v7-m\libc_nano.a(lib_a-closer.o)
 .ARM.attributes
                0x00000746       0x2d c:/siliconlabs/simplicitystudio/v4/developer/toolchains/gnu_arm/7.2_2017q4/bin/../lib/gcc/arm-none-eabi/7.2.1/../../../../arm-none-eabi/lib/thumb/v7-m\libc_nano.a(lib_a-fflush.o)
 .ARM.attributes
                0x00000773       0x2d c:/siliconlabs/simplicitystudio/v4/developer/toolchains/gnu_arm/7.2_2017q4/bin/../lib/gcc/arm-none-eabi/7.2.1/../../../../arm-none-eabi/lib/thumb/v7-m\libc_nano.a(lib_a-lseekr.o)
 .ARM.attributes
                0x000007a0       0x2d c:/siliconlabs/simplicitystudio/v4/developer/toolchains/gnu_arm/7.2_2017q4/bin/../lib/gcc/arm-none-eabi/7.2.1/../../../../arm-none-eabi/lib/thumb/v7-m\libc_nano.a(lib_a-makebuf.o)
 .ARM.attributes
                0x000007cd       0x2d c:/siliconlabs/simplicitystudio/v4/developer/toolchains/gnu_arm/7.2_2017q4/bin/../lib/gcc/arm-none-eabi/7.2.1/../../../../arm-none-eabi/lib/thumb/v7-m\libc_nano.a(lib_a-memchr-stub.o)
 .ARM.attributes
                0x000007fa       0x2d c:/siliconlabs/simplicitystudio/v4/developer/toolchains/gnu_arm/7.2_2017q4/bin/../lib/gcc/arm-none-eabi/7.2.1/../../../../arm-none-eabi/lib/thumb/v7-m\libc_nano.a(lib_a-mlock.o)
 .ARM.attributes
                0x00000827       0x2d c:/siliconlabs/simplicitystudio/v4/developer/toolchains/gnu_arm/7.2_2017q4/bin/../lib/gcc/arm-none-eabi/7.2.1/../../../../arm-none-eabi/lib/thumb/v7-m\libc_nano.a(lib_a-nano-freer.o)
 .ARM.attributes
                0x00000854       0x2d c:/siliconlabs/simplicitystudio/v4/developer/toolchains/gnu_arm/7.2_2017q4/bin/../lib/gcc/arm-none-eabi/7.2.1/../../../../arm-none-eabi/lib/thumb/v7-m\libc_nano.a(lib_a-readr.o)
 .ARM.attributes
                0x00000881       0x2d c:/siliconlabs/simplicitystudio/v4/developer/toolchains/gnu_arm/7.2_2017q4/bin/../lib/gcc/arm-none-eabi/7.2.1/../../../../arm-none-eabi/lib/thumb/v7-m\libc_nano.a(lib_a-reent.o)
 .ARM.attributes
                0x000008ae       0x2d c:/siliconlabs/simplicitystudio/v4/developer/toolchains/gnu_arm/7.2_2017q4/bin/../lib/gcc/arm-none-eabi/7.2.1/../../../../arm-none-eabi/lib/thumb/v7-m\libc_nano.a(lib_a-fstatr.o)
 .ARM.attributes
                0x000008db       0x2d c:/siliconlabs/simplicitystudio/v4/developer/toolchains/gnu_arm/7.2_2017q4/bin/../lib/gcc/arm-none-eabi/7.2.1/../../../../arm-none-eabi/lib/thumb/v7-m\libc_nano.a(lib_a-isattyr.o)
 .ARM.attributes
                0x00000908       0x2d c:/siliconlabs/simplicitystudio/v4/developer/toolchains/gnu_arm/7.2_2017q4/bin/../lib/gcc/arm-none-eabi/7.2.1/../../../../arm-none-eabi/lib/thumb/v7-m\libnosys.a(close.o)
 .ARM.attributes
                0x00000935       0x2d c:/siliconlabs/simplicitystudio/v4/developer/toolchains/gnu_arm/7.2_2017q4/bin/../lib/gcc/arm-none-eabi/7.2.1/../../../../arm-none-eabi/lib/thumb/v7-m\libnosys.a(fstat.o)
 .ARM.attributes
                0x00000962       0x2d c:/siliconlabs/simplicitystudio/v4/developer/toolchains/gnu_arm/7.2_2017q4/bin/../lib/gcc/arm-none-eabi/7.2.1/../../../../arm-none-eabi/lib/thumb/v7-m\libnosys.a(isatty.o)
 .ARM.attributes
                0x0000098f       0x2d c:/siliconlabs/simplicitystudio/v4/developer/toolchains/gnu_arm/7.2_2017q4/bin/../lib/gcc/arm-none-eabi/7.2.1/../../../../arm-none-eabi/lib/thumb/v7-m\libnosys.a(lseek.o)
 .ARM.attributes
                0x000009bc       0x2d c:/siliconlabs/simplicitystudio/v4/developer/toolchains/gnu_arm/7.2_2017q4/bin/../lib/gcc/arm-none-eabi/7.2.1/../../../../arm-none-eabi/lib/thumb/v7-m\libnosys.a(read.o)
 .ARM.attributes
                0x000009e9       0x2d c:/siliconlabs/simplicitystudio/v4/developer/toolchains/gnu_arm/7.2_2017q4/bin/../lib/gcc/arm-none-eabi/7.2.1/../../../../arm-none-eabi/lib/thumb/v7-m\libnosys.a(sbrk.o)
 .ARM.attributes
                0x00000a16       0x2d c:/siliconlabs/simplicitystudio/v4/developer/toolchains/gnu_arm/7.2_2017q4/bin/../lib/gcc/arm-none-eabi/7.2.1/../../../../arm-none-eabi/lib/thumb/v7-m\libnosys.a(_exit.o)
 .ARM.attributes
                0x00000a43       0x2d c:/siliconlabs/simplicitystudio/v4/developer/toolchains/gnu_arm/7.2_2017q4/bin/../lib/gcc/arm-none-eabi/7.2.1/thumb/v7-m/crtend.o
 .ARM.attributes
                0x00000a70       0x1d c:/siliconlabs/simplicitystudio/v4/developer/toolchains/gnu_arm/7.2_2017q4/bin/../lib/gcc/arm-none-eabi/7.2.1/thumb/v7-m/crtn.o

.comment        0x00000000       0x7e
 .comment       0x00000000       0x7e ./BSP/bsp_stk_leds.o
                                 0x7f (size before relaxing)
 .comment       0x0000007e       0x7f ./BSP/bsp_trace.o
 .comment       0x0000007e       0x7f ./CMSIS/EFM32GG/system_efm32gg.o
 .comment       0x0000007e       0x7f ./Drivers/sleep.o
 .comment       0x0000007e       0x7f ./FreeRTOS/efm32gg/heap_1.o
 .comment       0x0000007e       0x7f ./FreeRTOS/efm32gg/list.o
 .comment       0x0000007e       0x7f ./FreeRTOS/efm32gg/port_gcc.o
 .comment       0x0000007e       0x7f ./FreeRTOS/efm32gg/queue.o
 .comment       0x0000007e       0x7f ./FreeRTOS/efm32gg/tasks.o
 .comment       0x0000007e       0x7f ./emlib/em_assert.o
 .comment       0x0000007e       0x7f ./emlib/em_burtc.o
 .comment       0x0000007e       0x7f ./emlib/em_cmu.o
 .comment       0x0000007e       0x7f ./emlib/em_gpio.o
 .comment       0x0000007e       0x7f ./emlib/em_i2c.o
 .comment       0x0000007e       0x7f ./emlib/em_rmu.o
 .comment       0x0000007e       0x7f ./emlib/em_system.o
 .comment       0x0000007e       0x7f ./src/low_power_tick_management.o
 .comment       0x0000007e       0x7f ./src/main.o
 .comment       0x0000007e       0x7f ./src/my_file_I2C.o

.debug_info     0x00000000     0xe086
 .debug_info    0x00000000      0x845 ./BSP/bsp_stk_leds.o
 .debug_info    0x00000845      0xcfd ./BSP/bsp_trace.o
 .debug_info    0x00001542       0x26 ./CMSIS/EFM32GG/startup_gcc_efm32gg.o
 .debug_info    0x00001568      0x7a7 ./CMSIS/EFM32GG/system_efm32gg.o
 .debug_info    0x00001d0f      0xee7 ./Drivers/sleep.o
 .debug_info    0x00002bf6      0xa86 ./FreeRTOS/efm32gg/heap_1.o
 .debug_info    0x0000367c      0xbc6 ./FreeRTOS/efm32gg/list.o
 .debug_info    0x00004242      0x3e1 ./FreeRTOS/efm32gg/port_gcc.o
 .debug_info    0x00004623     0x179d ./FreeRTOS/efm32gg/queue.o
 .debug_info    0x00005dc0     0x1f35 ./FreeRTOS/efm32gg/tasks.o
 .debug_info    0x00007cf5       0x7e ./emlib/em_assert.o
 .debug_info    0x00007d73      0x6b5 ./emlib/em_burtc.o
 .debug_info    0x00008428     0x1624 ./emlib/em_cmu.o
 .debug_info    0x00009a4c      0x6f4 ./emlib/em_gpio.o
 .debug_info    0x0000a140      0x970 ./emlib/em_i2c.o
 .debug_info    0x0000aab0      0x532 ./emlib/em_rmu.o
 .debug_info    0x0000afe2      0x2d6 ./emlib/em_system.o
 .debug_info    0x0000b2b8      0xbd4 ./src/low_power_tick_management.o
 .debug_info    0x0000be8c     0x116b ./src/main.o
 .debug_info    0x0000cff7     0x108f ./src/my_file_I2C.o

.debug_abbrev   0x00000000     0x2949
 .debug_abbrev  0x00000000      0x1eb ./BSP/bsp_stk_leds.o
 .debug_abbrev  0x000001eb      0x1c7 ./BSP/bsp_trace.o
 .debug_abbrev  0x000003b2       0x14 ./CMSIS/EFM32GG/startup_gcc_efm32gg.o
 .debug_abbrev  0x000003c6      0x1eb ./CMSIS/EFM32GG/system_efm32gg.o
 .debug_abbrev  0x000005b1      0x2b5 ./Drivers/sleep.o
 .debug_abbrev  0x00000866      0x201 ./FreeRTOS/efm32gg/heap_1.o
 .debug_abbrev  0x00000a67      0x1d1 ./FreeRTOS/efm32gg/list.o
 .debug_abbrev  0x00000c38      0x1d4 ./FreeRTOS/efm32gg/port_gcc.o
 .debug_abbrev  0x00000e0c      0x2cf ./FreeRTOS/efm32gg/queue.o
 .debug_abbrev  0x000010db      0x363 ./FreeRTOS/efm32gg/tasks.o
 .debug_abbrev  0x0000143e       0x68 ./emlib/em_assert.o
 .debug_abbrev  0x000014a6      0x226 ./emlib/em_burtc.o
 .debug_abbrev  0x000016cc      0x2ed ./emlib/em_cmu.o
 .debug_abbrev  0x000019b9      0x203 ./emlib/em_gpio.o
 .debug_abbrev  0x00001bbc      0x278 ./emlib/em_i2c.o
 .debug_abbrev  0x00001e34      0x231 ./emlib/em_rmu.o
 .debug_abbrev  0x00002065      0x153 ./emlib/em_system.o
 .debug_abbrev  0x000021b8      0x2b3 ./src/low_power_tick_management.o
 .debug_abbrev  0x0000246b      0x26c ./src/main.o
 .debug_abbrev  0x000026d7      0x272 ./src/my_file_I2C.o

.debug_loc      0x00000000     0x4a7c
 .debug_loc     0x00000000      0x3cc ./BSP/bsp_stk_leds.o
 .debug_loc     0x000003cc       0x7c ./BSP/bsp_trace.o
 .debug_loc     0x00000448      0x31c ./CMSIS/EFM32GG/system_efm32gg.o
 .debug_loc     0x00000764      0x2fc ./Drivers/sleep.o
 .debug_loc     0x00000a60      0x128 ./FreeRTOS/efm32gg/heap_1.o
 .debug_loc     0x00000b88      0x1cc ./FreeRTOS/efm32gg/list.o
 .debug_loc     0x00000d54      0x294 ./FreeRTOS/efm32gg/port_gcc.o
 .debug_loc     0x00000fe8      0x844 ./FreeRTOS/efm32gg/queue.o
 .debug_loc     0x0000182c      0xf44 ./FreeRTOS/efm32gg/tasks.o
 .debug_loc     0x00002770       0x38 ./emlib/em_assert.o
 .debug_loc     0x000027a8      0x41c ./emlib/em_burtc.o
 .debug_loc     0x00002bc4      0xde0 ./emlib/em_cmu.o
 .debug_loc     0x000039a4      0x3e4 ./emlib/em_gpio.o
 .debug_loc     0x00003d88      0x3a0 ./emlib/em_i2c.o
 .debug_loc     0x00004128      0x23c ./emlib/em_rmu.o
 .debug_loc     0x00004364       0xac ./emlib/em_system.o
 .debug_loc     0x00004410      0x2f4 ./src/low_power_tick_management.o
 .debug_loc     0x00004704      0x1e8 ./src/main.o
 .debug_loc     0x000048ec      0x190 ./src/my_file_I2C.o

.debug_aranges  0x00000000      0x980
 .debug_aranges
                0x00000000       0x78 ./BSP/bsp_stk_leds.o
 .debug_aranges
                0x00000078       0x28 ./BSP/bsp_trace.o
 .debug_aranges
                0x000000a0       0x20 ./CMSIS/EFM32GG/startup_gcc_efm32gg.o
 .debug_aranges
                0x000000c0       0x70 ./CMSIS/EFM32GG/system_efm32gg.o
 .debug_aranges
                0x00000130       0x68 ./Drivers/sleep.o
 .debug_aranges
                0x00000198       0x38 ./FreeRTOS/efm32gg/heap_1.o
 .debug_aranges
                0x000001d0       0x40 ./FreeRTOS/efm32gg/list.o
 .debug_aranges
                0x00000210       0x78 ./FreeRTOS/efm32gg/port_gcc.o
 .debug_aranges
                0x00000288       0xe8 ./FreeRTOS/efm32gg/queue.o
 .debug_aranges
                0x00000370      0x1a0 ./FreeRTOS/efm32gg/tasks.o
 .debug_aranges
                0x00000510       0x20 ./emlib/em_assert.o
 .debug_aranges
                0x00000530       0x80 ./emlib/em_burtc.o
 .debug_aranges
                0x000005b0      0x180 ./emlib/em_cmu.o
 .debug_aranges
                0x00000730       0x78 ./emlib/em_gpio.o
 .debug_aranges
                0x000007a8       0x70 ./emlib/em_i2c.o
 .debug_aranges
                0x00000818       0x50 ./emlib/em_rmu.o
 .debug_aranges
                0x00000868       0x28 ./emlib/em_system.o
 .debug_aranges
                0x00000890       0x60 ./src/low_power_tick_management.o
 .debug_aranges
                0x000008f0       0x50 ./src/main.o
 .debug_aranges
                0x00000940       0x40 ./src/my_file_I2C.o

.debug_ranges   0x00000000      0x848
 .debug_ranges  0x00000000       0x68 ./BSP/bsp_stk_leds.o
 .debug_ranges  0x00000068       0x18 ./BSP/bsp_trace.o
 .debug_ranges  0x00000080       0x60 ./CMSIS/EFM32GG/system_efm32gg.o
 .debug_ranges  0x000000e0       0x58 ./Drivers/sleep.o
 .debug_ranges  0x00000138       0x28 ./FreeRTOS/efm32gg/heap_1.o
 .debug_ranges  0x00000160       0x30 ./FreeRTOS/efm32gg/list.o
 .debug_ranges  0x00000190       0x68 ./FreeRTOS/efm32gg/port_gcc.o
 .debug_ranges  0x000001f8       0xd8 ./FreeRTOS/efm32gg/queue.o
 .debug_ranges  0x000002d0      0x190 ./FreeRTOS/efm32gg/tasks.o
 .debug_ranges  0x00000460       0x10 ./emlib/em_assert.o
 .debug_ranges  0x00000470       0x70 ./emlib/em_burtc.o
 .debug_ranges  0x000004e0      0x170 ./emlib/em_cmu.o
 .debug_ranges  0x00000650       0x68 ./emlib/em_gpio.o
 .debug_ranges  0x000006b8       0x78 ./emlib/em_i2c.o
 .debug_ranges  0x00000730       0x40 ./emlib/em_rmu.o
 .debug_ranges  0x00000770       0x18 ./emlib/em_system.o
 .debug_ranges  0x00000788       0x50 ./src/low_power_tick_management.o
 .debug_ranges  0x000007d8       0x40 ./src/main.o
 .debug_ranges  0x00000818       0x30 ./src/my_file_I2C.o

.debug_macro    0x00000000    0x26ef4
 .debug_macro   0x00000000      0x2fd ./BSP/bsp_stk_leds.o
 .debug_macro   0x000002fd      0xa54 ./BSP/bsp_stk_leds.o
 .debug_macro   0x00000d51      0x39b ./BSP/bsp_stk_leds.o
 .debug_macro   0x000010ec       0x22 ./BSP/bsp_stk_leds.o
 .debug_macro   0x0000110e       0x4f ./BSP/bsp_stk_leds.o
 .debug_macro   0x0000115d       0x51 ./BSP/bsp_stk_leds.o
 .debug_macro   0x000011ae       0xef ./BSP/bsp_stk_leds.o
 .debug_macro   0x0000129d       0x6a ./BSP/bsp_stk_leds.o
 .debug_macro   0x00001307      0x1df ./BSP/bsp_stk_leds.o
 .debug_macro   0x000014e6       0x1c ./BSP/bsp_stk_leds.o
 .debug_macro   0x00001502       0x22 ./BSP/bsp_stk_leds.o
 .debug_macro   0x00001524       0xc3 ./BSP/bsp_stk_leds.o
 .debug_macro   0x000015e7      0xe18 ./BSP/bsp_stk_leds.o
 .debug_macro   0x000023ff       0xe2 ./BSP/bsp_stk_leds.o
 .debug_macro   0x000024e1     0x2869 ./BSP/bsp_stk_leds.o
 .debug_macro   0x00004d4a      0x39e ./BSP/bsp_stk_leds.o
 .debug_macro   0x000050e8     0x3f12 ./BSP/bsp_stk_leds.o
 .debug_macro   0x00008ffa      0x9a4 ./BSP/bsp_stk_leds.o
 .debug_macro   0x0000999e      0x6eb ./BSP/bsp_stk_leds.o
 .debug_macro   0x0000a089      0x283 ./BSP/bsp_stk_leds.o
 .debug_macro   0x0000a30c     0x1e37 ./BSP/bsp_stk_leds.o
 .debug_macro   0x0000c143     0x30cb ./BSP/bsp_stk_leds.o
 .debug_macro   0x0000f20e      0x37f ./BSP/bsp_stk_leds.o
 .debug_macro   0x0000f58d      0x855 ./BSP/bsp_stk_leds.o
 .debug_macro   0x0000fde2     0x230f ./BSP/bsp_stk_leds.o
 .debug_macro   0x000120f1     0x1bf6 ./BSP/bsp_stk_leds.o
 .debug_macro   0x00013ce7     0x1709 ./BSP/bsp_stk_leds.o
 .debug_macro   0x000153f0      0x6d8 ./BSP/bsp_stk_leds.o
 .debug_macro   0x00015ac8     0x106a ./BSP/bsp_stk_leds.o
 .debug_macro   0x00016b32     0x1d83 ./BSP/bsp_stk_leds.o
 .debug_macro   0x000188b5      0x33d ./BSP/bsp_stk_leds.o
 .debug_macro   0x00018bf2      0xa66 ./BSP/bsp_stk_leds.o
 .debug_macro   0x00019658      0xfe0 ./BSP/bsp_stk_leds.o
 .debug_macro   0x0001a638      0x894 ./BSP/bsp_stk_leds.o
 .debug_macro   0x0001aecc      0xf85 ./BSP/bsp_stk_leds.o
 .debug_macro   0x0001be51     0x12a5 ./BSP/bsp_stk_leds.o
 .debug_macro   0x0001d0f6      0xc4a ./BSP/bsp_stk_leds.o
 .debug_macro   0x0001dd40      0x74d ./BSP/bsp_stk_leds.o
 .debug_macro   0x0001e48d      0x1c9 ./BSP/bsp_stk_leds.o
 .debug_macro   0x0001e656     0x1041 ./BSP/bsp_stk_leds.o
 .debug_macro   0x0001f697      0x280 ./BSP/bsp_stk_leds.o
 .debug_macro   0x0001f917       0x40 ./BSP/bsp_stk_leds.o
 .debug_macro   0x0001f957      0x250 ./BSP/bsp_stk_leds.o
 .debug_macro   0x0001fba7      0x1f0 ./BSP/bsp_stk_leds.o
 .debug_macro   0x0001fd97      0x166 ./BSP/bsp_stk_leds.o
 .debug_macro   0x0001fefd      0x252 ./BSP/bsp_stk_leds.o
 .debug_macro   0x0002014f     0x1bd7 ./BSP/bsp_stk_leds.o
 .debug_macro   0x00021d26       0x2e ./BSP/bsp_stk_leds.o
 .debug_macro   0x00021d54      0x427 ./BSP/bsp_stk_leds.o
 .debug_macro   0x0002217b      0x427 ./BSP/bsp_stk_leds.o
 .debug_macro   0x000225a2       0x22 ./BSP/bsp_stk_leds.o
 .debug_macro   0x000225c4       0x10 ./BSP/bsp_stk_leds.o
 .debug_macro   0x000225d4       0xcc ./BSP/bsp_stk_leds.o
 .debug_macro   0x000226a0       0x69 ./BSP/bsp_stk_leds.o
 .debug_macro   0x00022709      0x330 ./BSP/bsp_stk_leds.o
 .debug_macro   0x00022a39       0xb2 ./BSP/bsp_stk_leds.o
 .debug_macro   0x00022aeb       0x76 ./BSP/bsp_stk_leds.o
 .debug_macro   0x00022b61       0xf1 ./BSP/bsp_stk_leds.o
 .debug_macro   0x00022c52       0x3a ./BSP/bsp_stk_leds.o
 .debug_macro   0x00022c8c      0x2fe ./BSP/bsp_trace.o
 .debug_macro   0x00022f8a       0xc6 ./BSP/bsp_trace.o
 .debug_macro   0x00023050       0x16 ./BSP/bsp_trace.o
 .debug_macro   0x00023066      0x28e ./CMSIS/EFM32GG/system_efm32gg.o
 .debug_macro   0x000232f4      0x396 ./Drivers/sleep.o
 .debug_macro   0x0002368a       0x63 ./Drivers/sleep.o
 .debug_macro   0x000236ed       0xba ./Drivers/sleep.o
 .debug_macro   0x000237a7       0x11 ./Drivers/sleep.o
 .debug_macro   0x000237b8       0x19 ./Drivers/sleep.o
 .debug_macro   0x000237d1       0x2d ./Drivers/sleep.o
 .debug_macro   0x000237fe       0x17 ./Drivers/sleep.o
 .debug_macro   0x00023815       0x58 ./Drivers/sleep.o
 .debug_macro   0x0002386d       0x35 ./Drivers/sleep.o
 .debug_macro   0x000238a2       0x9c ./Drivers/sleep.o
 .debug_macro   0x0002393e       0x16 ./Drivers/sleep.o
 .debug_macro   0x00023954      0x10e ./Drivers/sleep.o
 .debug_macro   0x00023a62       0x86 ./Drivers/sleep.o
 .debug_macro   0x00023ae8       0x58 ./Drivers/sleep.o
 .debug_macro   0x00023b40       0x1f ./Drivers/sleep.o
 .debug_macro   0x00023b5f       0x43 ./Drivers/sleep.o
 .debug_macro   0x00023ba2       0x20 ./Drivers/sleep.o
 .debug_macro   0x00023bc2      0x18e ./Drivers/sleep.o
 .debug_macro   0x00023d50      0x34d ./Drivers/sleep.o
 .debug_macro   0x0002409d       0x22 ./Drivers/sleep.o
 .debug_macro   0x000240bf      0x1a3 ./FreeRTOS/efm32gg/heap_1.o
 .debug_macro   0x00024262      0x182 ./FreeRTOS/efm32gg/list.o
 .debug_macro   0x000243e4      0x187 ./FreeRTOS/efm32gg/port_gcc.o
 .debug_macro   0x0002456b      0x1f6 ./FreeRTOS/efm32gg/queue.o
 .debug_macro   0x00024761       0x16 ./FreeRTOS/efm32gg/queue.o
 .debug_macro   0x00024777       0x35 ./FreeRTOS/efm32gg/queue.o
 .debug_macro   0x000247ac       0x95 ./FreeRTOS/efm32gg/queue.o
 .debug_macro   0x00024841      0x258 ./FreeRTOS/efm32gg/tasks.o
 .debug_macro   0x00024a99       0x11 ./FreeRTOS/efm32gg/tasks.o
 .debug_macro   0x00024aaa       0x23 ./emlib/em_assert.o
 .debug_macro   0x00024acd      0x29b ./emlib/em_burtc.o
 .debug_macro   0x00024d68       0x3b ./emlib/em_burtc.o
 .debug_macro   0x00024da3      0x367 ./emlib/em_cmu.o
 .debug_macro   0x0002510a       0x25 ./emlib/em_cmu.o
 .debug_macro   0x0002512f       0xee ./emlib/em_cmu.o
 .debug_macro   0x0002521d       0x1f ./emlib/em_cmu.o
 .debug_macro   0x0002523c      0x2a7 ./emlib/em_gpio.o
 .debug_macro   0x000254e3      0x330 ./emlib/em_i2c.o
 .debug_macro   0x00025813       0x3f ./emlib/em_i2c.o
 .debug_macro   0x00025852      0x32d ./emlib/em_rmu.o
 .debug_macro   0x00025b7f      0x295 ./emlib/em_system.o
 .debug_macro   0x00025e14      0x363 ./src/low_power_tick_management.o
 .debug_macro   0x00026177       0x16 ./src/low_power_tick_management.o
 .debug_macro   0x0002618d       0x41 ./src/low_power_tick_management.o
 .debug_macro   0x000261ce      0x4cb ./src/main.o
 .debug_macro   0x00026699       0x16 ./src/main.o
 .debug_macro   0x000266af       0x97 ./src/main.o
 .debug_macro   0x00026746       0xf6 ./src/main.o
 .debug_macro   0x0002683c       0x10 ./src/main.o
 .debug_macro   0x0002684c       0x10 ./src/main.o
 .debug_macro   0x0002685c       0xb6 ./src/main.o
 .debug_macro   0x00026912       0x16 ./src/main.o
 .debug_macro   0x00026928      0x129 ./src/main.o
 .debug_macro   0x00026a51       0x63 ./src/main.o
 .debug_macro   0x00026ab4      0x440 ./src/my_file_I2C.o

.debug_line     0x00000000     0xb7f5
 .debug_line    0x00000000      0xb67 ./BSP/bsp_stk_leds.o
 .debug_line    0x00000b67      0x93a ./BSP/bsp_trace.o
 .debug_line    0x000014a1       0x72 ./CMSIS/EFM32GG/startup_gcc_efm32gg.o
 .debug_line    0x00001513      0x835 ./CMSIS/EFM32GG/system_efm32gg.o
 .debug_line    0x00001d48      0xa35 ./Drivers/sleep.o
 .debug_line    0x0000277d      0x58f ./FreeRTOS/efm32gg/heap_1.o
 .debug_line    0x00002d0c      0x5a4 ./FreeRTOS/efm32gg/list.o
 .debug_line    0x000032b0      0x61b ./FreeRTOS/efm32gg/port_gcc.o
 .debug_line    0x000038cb      0xa62 ./FreeRTOS/efm32gg/queue.o
 .debug_line    0x0000432d      0xe7f ./FreeRTOS/efm32gg/tasks.o
 .debug_line    0x000051ac      0x12f ./emlib/em_assert.o
 .debug_line    0x000052db      0x976 ./emlib/em_burtc.o
 .debug_line    0x00005c51     0x1119 ./emlib/em_cmu.o
 .debug_line    0x00006d6a      0xa98 ./emlib/em_gpio.o
 .debug_line    0x00007802      0xb23 ./emlib/em_i2c.o
 .debug_line    0x00008325      0x8a0 ./emlib/em_rmu.o
 .debug_line    0x00008bc5      0x817 ./emlib/em_system.o
 .debug_line    0x000093dc      0xb7c ./src/low_power_tick_management.o
 .debug_line    0x00009f58      0xd4a ./src/main.o
 .debug_line    0x0000aca2      0xb53 ./src/my_file_I2C.o

.debug_str      0x00000000    0xe27ac
 .debug_str     0x00000000    0xd4a05 ./BSP/bsp_stk_leds.o
                              0xd5044 (size before relaxing)
 .debug_str     0x000d4a05      0x398 ./BSP/bsp_trace.o
                              0xd5106 (size before relaxing)
 .debug_str     0x000d4d9d       0x36 ./CMSIS/EFM32GG/startup_gcc_efm32gg.o
                                 0x7d (size before relaxing)
 .debug_str     0x000d4dd3      0x26b ./CMSIS/EFM32GG/system_efm32gg.o
                              0xd2ea2 (size before relaxing)
 .debug_str     0x000d503e     0x3a22 ./Drivers/sleep.o
                              0xd6970 (size before relaxing)
 .debug_str     0x000d8a60     0x3735 ./FreeRTOS/efm32gg/heap_1.o
                               0xa3d8 (size before relaxing)
 .debug_str     0x000dc195      0x13d ./FreeRTOS/efm32gg/list.o
                               0x9e44 (size before relaxing)
 .debug_str     0x000dc2d2      0x6ef ./FreeRTOS/efm32gg/port_gcc.o
                               0x7bed (size before relaxing)
 .debug_str     0x000dc9c1      0xeeb ./FreeRTOS/efm32gg/queue.o
                               0xb330 (size before relaxing)
 .debug_str     0x000dd8ac     0x190e ./FreeRTOS/efm32gg/tasks.o
                               0xbe61 (size before relaxing)
 .debug_str     0x000df1ba       0x1f ./emlib/em_assert.o
                               0x2d99 (size before relaxing)
 .debug_str     0x000df1d9      0x389 ./emlib/em_burtc.o
                              0xd2f98 (size before relaxing)
 .debug_str     0x000df562      0xe97 ./emlib/em_cmu.o
                              0xd6cd4 (size before relaxing)
 .debug_str     0x000e03f9      0x1fb ./emlib/em_gpio.o
                              0xd36fc (size before relaxing)
 .debug_str     0x000e05f4      0x50e ./emlib/em_i2c.o
                              0xd638c (size before relaxing)
 .debug_str     0x000e0b02      0x44f ./emlib/em_rmu.o
                              0xd345d (size before relaxing)
 .debug_str     0x000e0f51       0xac ./emlib/em_system.o
                              0xd2f91 (size before relaxing)
 .debug_str     0x000e0ffd      0x359 ./src/low_power_tick_management.o
                              0xd8afe (size before relaxing)
 .debug_str     0x000e1356     0x13ce ./src/main.o
                              0xdc2ff (size before relaxing)
 .debug_str     0x000e2724       0x88 ./src/my_file_I2C.o
                              0xdc2bb (size before relaxing)

.debug_frame    0x00000000     0x2bac
 .debug_frame   0x00000000      0x1c4 ./BSP/bsp_stk_leds.o
 .debug_frame   0x000001c4       0x50 ./BSP/bsp_trace.o
 .debug_frame   0x00000214      0x180 ./CMSIS/EFM32GG/system_efm32gg.o
 .debug_frame   0x00000394      0x170 ./Drivers/sleep.o
 .debug_frame   0x00000504       0x98 ./FreeRTOS/efm32gg/heap_1.o
 .debug_frame   0x0000059c       0xd8 ./FreeRTOS/efm32gg/list.o
 .debug_frame   0x00000674      0x178 ./FreeRTOS/efm32gg/port_gcc.o
 .debug_frame   0x000007ec      0x3c4 ./FreeRTOS/efm32gg/queue.o
 .debug_frame   0x00000bb0      0x6f4 ./FreeRTOS/efm32gg/tasks.o
 .debug_frame   0x000012a4       0x2c ./emlib/em_assert.o
 .debug_frame   0x000012d0      0x1ec ./emlib/em_burtc.o
 .debug_frame   0x000014bc      0x66c ./emlib/em_cmu.o
 .debug_frame   0x00001b28      0x1cc ./emlib/em_gpio.o
 .debug_frame   0x00001cf4      0x1b0 ./emlib/em_i2c.o
 .debug_frame   0x00001ea4      0x110 ./emlib/em_rmu.o
 .debug_frame   0x00001fb4       0x5c ./emlib/em_system.o
 .debug_frame   0x00002010      0x168 ./src/low_power_tick_management.o
 .debug_frame   0x00002178      0x100 ./src/main.o
 .debug_frame   0x00002278       0xc8 ./src/my_file_I2C.o
 .debug_frame   0x00002340       0x28 c:/siliconlabs/simplicitystudio/v4/developer/toolchains/gnu_arm/7.2_2017q4/bin/../lib/gcc/arm-none-eabi/7.2.1/../../../../arm-none-eabi/lib/thumb/v7-m\libc_nano.a(lib_a-exit.o)
 .debug_frame   0x00002368       0x2c c:/siliconlabs/simplicitystudio/v4/developer/toolchains/gnu_arm/7.2_2017q4/bin/../lib/gcc/arm-none-eabi/7.2.1/../../../../arm-none-eabi/lib/thumb/v7-m\libc_nano.a(lib_a-init.o)
 .debug_frame   0x00002394       0x28 c:/siliconlabs/simplicitystudio/v4/developer/toolchains/gnu_arm/7.2_2017q4/bin/../lib/gcc/arm-none-eabi/7.2.1/../../../../arm-none-eabi/lib/thumb/v7-m\libc_nano.a(lib_a-memcpy-stub.o)
 .debug_frame   0x000023bc       0x20 c:/siliconlabs/simplicitystudio/v4/developer/toolchains/gnu_arm/7.2_2017q4/bin/../lib/gcc/arm-none-eabi/7.2.1/../../../../arm-none-eabi/lib/thumb/v7-m\libc_nano.a(lib_a-memset.o)
 .debug_frame   0x000023dc       0x74 c:/siliconlabs/simplicitystudio/v4/developer/toolchains/gnu_arm/7.2_2017q4/bin/../lib/gcc/arm-none-eabi/7.2.1/../../../../arm-none-eabi/lib/thumb/v7-m\libc_nano.a(lib_a-printf.o)
 .debug_frame   0x00002450      0x11c c:/siliconlabs/simplicitystudio/v4/developer/toolchains/gnu_arm/7.2_2017q4/bin/../lib/gcc/arm-none-eabi/7.2.1/../../../../arm-none-eabi/lib/thumb/v7-m\libc_nano.a(lib_a-findfp.o)
 .debug_frame   0x0000256c       0x54 c:/siliconlabs/simplicitystudio/v4/developer/toolchains/gnu_arm/7.2_2017q4/bin/../lib/gcc/arm-none-eabi/7.2.1/../../../../arm-none-eabi/lib/thumb/v7-m\libc_nano.a(lib_a-fwalk.o)
 .debug_frame   0x000025c0       0x2c c:/siliconlabs/simplicitystudio/v4/developer/toolchains/gnu_arm/7.2_2017q4/bin/../lib/gcc/arm-none-eabi/7.2.1/../../../../arm-none-eabi/lib/thumb/v7-m\libc_nano.a(lib_a-nano-mallocr.o)
 .debug_frame   0x000025ec       0xac c:/siliconlabs/simplicitystudio/v4/developer/toolchains/gnu_arm/7.2_2017q4/bin/../lib/gcc/arm-none-eabi/7.2.1/../../../../arm-none-eabi/lib/thumb/v7-m\libc_nano.a(lib_a-nano-vfprintf.o)
 .debug_frame   0x00002698       0x60 c:/siliconlabs/simplicitystudio/v4/developer/toolchains/gnu_arm/7.2_2017q4/bin/../lib/gcc/arm-none-eabi/7.2.1/../../../../arm-none-eabi/lib/thumb/v7-m\libc_nano.a(lib_a-nano-vfprintf_i.o)
 .debug_frame   0x000026f8       0x2c c:/siliconlabs/simplicitystudio/v4/developer/toolchains/gnu_arm/7.2_2017q4/bin/../lib/gcc/arm-none-eabi/7.2.1/../../../../arm-none-eabi/lib/thumb/v7-m\libc_nano.a(lib_a-sbrkr.o)
 .debug_frame   0x00002724       0x88 c:/siliconlabs/simplicitystudio/v4/developer/toolchains/gnu_arm/7.2_2017q4/bin/../lib/gcc/arm-none-eabi/7.2.1/../../../../arm-none-eabi/lib/thumb/v7-m\libc_nano.a(lib_a-stdio.o)
 .debug_frame   0x000027ac       0x40 c:/siliconlabs/simplicitystudio/v4/developer/toolchains/gnu_arm/7.2_2017q4/bin/../lib/gcc/arm-none-eabi/7.2.1/../../../../arm-none-eabi/lib/thumb/v7-m\libc_nano.a(lib_a-wbuf.o)
 .debug_frame   0x000027ec       0x2c c:/siliconlabs/simplicitystudio/v4/developer/toolchains/gnu_arm/7.2_2017q4/bin/../lib/gcc/arm-none-eabi/7.2.1/../../../../arm-none-eabi/lib/thumb/v7-m\libc_nano.a(lib_a-writer.o)
 .debug_frame   0x00002818       0x2c c:/siliconlabs/simplicitystudio/v4/developer/toolchains/gnu_arm/7.2_2017q4/bin/../lib/gcc/arm-none-eabi/7.2.1/../../../../arm-none-eabi/lib/thumb/v7-m\libc_nano.a(lib_a-wsetup.o)
 .debug_frame   0x00002844       0x2c c:/siliconlabs/simplicitystudio/v4/developer/toolchains/gnu_arm/7.2_2017q4/bin/../lib/gcc/arm-none-eabi/7.2.1/../../../../arm-none-eabi/lib/thumb/v7-m\libc_nano.a(lib_a-closer.o)
 .debug_frame   0x00002870       0x68 c:/siliconlabs/simplicitystudio/v4/developer/toolchains/gnu_arm/7.2_2017q4/bin/../lib/gcc/arm-none-eabi/7.2.1/../../../../arm-none-eabi/lib/thumb/v7-m\libc_nano.a(lib_a-fflush.o)
 .debug_frame   0x000028d8       0x2c c:/siliconlabs/simplicitystudio/v4/developer/toolchains/gnu_arm/7.2_2017q4/bin/../lib/gcc/arm-none-eabi/7.2.1/../../../../arm-none-eabi/lib/thumb/v7-m\libc_nano.a(lib_a-lseekr.o)
 .debug_frame   0x00002904       0x58 c:/siliconlabs/simplicitystudio/v4/developer/toolchains/gnu_arm/7.2_2017q4/bin/../lib/gcc/arm-none-eabi/7.2.1/../../../../arm-none-eabi/lib/thumb/v7-m\libc_nano.a(lib_a-makebuf.o)
 .debug_frame   0x0000295c       0x28 c:/siliconlabs/simplicitystudio/v4/developer/toolchains/gnu_arm/7.2_2017q4/bin/../lib/gcc/arm-none-eabi/7.2.1/../../../../arm-none-eabi/lib/thumb/v7-m\libc_nano.a(lib_a-memchr-stub.o)
 .debug_frame   0x00002984       0x30 c:/siliconlabs/simplicitystudio/v4/developer/toolchains/gnu_arm/7.2_2017q4/bin/../lib/gcc/arm-none-eabi/7.2.1/../../../../arm-none-eabi/lib/thumb/v7-m\libc_nano.a(lib_a-mlock.o)
 .debug_frame   0x000029b4       0x38 c:/siliconlabs/simplicitystudio/v4/developer/toolchains/gnu_arm/7.2_2017q4/bin/../lib/gcc/arm-none-eabi/7.2.1/../../../../arm-none-eabi/lib/thumb/v7-m\libc_nano.a(lib_a-nano-freer.o)
 .debug_frame   0x000029ec       0x2c c:/siliconlabs/simplicitystudio/v4/developer/toolchains/gnu_arm/7.2_2017q4/bin/../lib/gcc/arm-none-eabi/7.2.1/../../../../arm-none-eabi/lib/thumb/v7-m\libc_nano.a(lib_a-readr.o)
 .debug_frame   0x00002a18       0x5c c:/siliconlabs/simplicitystudio/v4/developer/toolchains/gnu_arm/7.2_2017q4/bin/../lib/gcc/arm-none-eabi/7.2.1/../../../../arm-none-eabi/lib/thumb/v7-m\libc_nano.a(lib_a-reent.o)
 .debug_frame   0x00002a74       0x2c c:/siliconlabs/simplicitystudio/v4/developer/toolchains/gnu_arm/7.2_2017q4/bin/../lib/gcc/arm-none-eabi/7.2.1/../../../../arm-none-eabi/lib/thumb/v7-m\libc_nano.a(lib_a-fstatr.o)
 .debug_frame   0x00002aa0       0x2c c:/siliconlabs/simplicitystudio/v4/developer/toolchains/gnu_arm/7.2_2017q4/bin/../lib/gcc/arm-none-eabi/7.2.1/../../../../arm-none-eabi/lib/thumb/v7-m\libc_nano.a(lib_a-isattyr.o)
 .debug_frame   0x00002acc       0x20 c:/siliconlabs/simplicitystudio/v4/developer/toolchains/gnu_arm/7.2_2017q4/bin/../lib/gcc/arm-none-eabi/7.2.1/../../../../arm-none-eabi/lib/thumb/v7-m\libnosys.a(close.o)
 .debug_frame   0x00002aec       0x20 c:/siliconlabs/simplicitystudio/v4/developer/toolchains/gnu_arm/7.2_2017q4/bin/../lib/gcc/arm-none-eabi/7.2.1/../../../../arm-none-eabi/lib/thumb/v7-m\libnosys.a(fstat.o)
 .debug_frame   0x00002b0c       0x20 c:/siliconlabs/simplicitystudio/v4/developer/toolchains/gnu_arm/7.2_2017q4/bin/../lib/gcc/arm-none-eabi/7.2.1/../../../../arm-none-eabi/lib/thumb/v7-m\libnosys.a(isatty.o)
 .debug_frame   0x00002b2c       0x20 c:/siliconlabs/simplicitystudio/v4/developer/toolchains/gnu_arm/7.2_2017q4/bin/../lib/gcc/arm-none-eabi/7.2.1/../../../../arm-none-eabi/lib/thumb/v7-m\libnosys.a(lseek.o)
 .debug_frame   0x00002b4c       0x20 c:/siliconlabs/simplicitystudio/v4/developer/toolchains/gnu_arm/7.2_2017q4/bin/../lib/gcc/arm-none-eabi/7.2.1/../../../../arm-none-eabi/lib/thumb/v7-m\libnosys.a(read.o)
 .debug_frame   0x00002b6c       0x20 c:/siliconlabs/simplicitystudio/v4/developer/toolchains/gnu_arm/7.2_2017q4/bin/../lib/gcc/arm-none-eabi/7.2.1/../../../../arm-none-eabi/lib/thumb/v7-m\libnosys.a(sbrk.o)
 .debug_frame   0x00002b8c       0x20 c:/siliconlabs/simplicitystudio/v4/developer/toolchains/gnu_arm/7.2_2017q4/bin/../lib/gcc/arm-none-eabi/7.2.1/../../../../arm-none-eabi/lib/thumb/v7-m\libnosys.a(_exit.o)

.stab           0x00000000       0x84
 .stab          0x00000000       0x24 c:/siliconlabs/simplicitystudio/v4/developer/toolchains/gnu_arm/7.2_2017q4/bin/../lib/gcc/arm-none-eabi/7.2.1/../../../../arm-none-eabi/lib/thumb/v7-m\libnosys.a(close.o)
 .stab          0x00000024       0x18 c:/siliconlabs/simplicitystudio/v4/developer/toolchains/gnu_arm/7.2_2017q4/bin/../lib/gcc/arm-none-eabi/7.2.1/../../../../arm-none-eabi/lib/thumb/v7-m\libnosys.a(fstat.o)
                                 0x24 (size before relaxing)
 .stab          0x0000003c       0x18 c:/siliconlabs/simplicitystudio/v4/developer/toolchains/gnu_arm/7.2_2017q4/bin/../lib/gcc/arm-none-eabi/7.2.1/../../../../arm-none-eabi/lib/thumb/v7-m\libnosys.a(isatty.o)
                                 0x24 (size before relaxing)
 .stab          0x00000054       0x18 c:/siliconlabs/simplicitystudio/v4/developer/toolchains/gnu_arm/7.2_2017q4/bin/../lib/gcc/arm-none-eabi/7.2.1/../../../../arm-none-eabi/lib/thumb/v7-m\libnosys.a(lseek.o)
                                 0x24 (size before relaxing)
 .stab          0x0000006c       0x18 c:/siliconlabs/simplicitystudio/v4/developer/toolchains/gnu_arm/7.2_2017q4/bin/../lib/gcc/arm-none-eabi/7.2.1/../../../../arm-none-eabi/lib/thumb/v7-m\libnosys.a(read.o)
                                 0x24 (size before relaxing)

.stabstr        0x00000000      0x117
 .stabstr       0x00000000      0x117 c:/siliconlabs/simplicitystudio/v4/developer/toolchains/gnu_arm/7.2_2017q4/bin/../lib/gcc/arm-none-eabi/7.2.1/../../../../arm-none-eabi/lib/thumb/v7-m\libnosys.a(close.o)
